Component: ARM Compiler 5.06 update 6 (build 750) Tool: armlink [4d35ed]

==============================================================================

Section Cross References

    main.o(i.main) refers to delay.o(i.delay_init) for delay_init
    main.o(i.main) refers to misc.o(i.NVIC_PriorityGroupConfig) for NVIC_PriorityGroupConfig
    main.o(i.main) refers to usart.o(i.uart_init) for uart_init
    main.o(i.main) refers to led.o(i.LED_Init) for LED_Init
    main.o(i.main) refers to key.o(i.KEY_Init) for KEY_Init
    main.o(i.main) refers to lcd.o(i.LCD_Init) for LCD_Init
    main.o(i.main) refers to tpad.o(i.TPAD_Init) for TPAD_Init
    main.o(i.main) refers to timer.o(i.Phoenix_TIM3_CH12_PA67_PWM1_UP_HIGH_Init) for Phoenix_TIM3_CH12_PA67_PWM1_UP_HIGH_Init
    main.o(i.main) refers to control.o(i.Ov7725_7670_Choose_Init) for Ov7725_7670_Choose_Init
    main.o(i.main) refers to control.o(i.Constant_Init) for Constant_Init
    main.o(i.main) refers to timer.o(i.TIM6_Int_Init) for TIM6_Int_Init
    main.o(i.main) refers to exti.o(i.EXTI8_Init) for EXTI8_Init
    main.o(i.main) refers to lcd.o(i.LCD_Clear) for LCD_Clear
    main.o(i.main) refers to lcd.o(i.LCD_Fill) for LCD_Fill
    main.o(i.main) refers to lcd.o(i.LCD_ShowString) for LCD_ShowString
    main.o(i.main) refers to control.o(i.PWM_TEST) for PWM_TEST
    main.o(i.main) refers to control.o(i.OV7725_7670_Camera_Refresh_Phoenix) for OV7725_7670_Camera_Refresh_Phoenix
    main.o(i.main) refers to control.o(i.Key_Modify_Phoenix) for Key_Modify_Phoenix
    main.o(i.main) refers to control.o(i.Feature_Recognize_Start_Phoenix) for Feature_Recognize_Start_Phoenix
    main.o(i.main) refers to control.o(i.PID_LR_figure_Phoenix) for PID_LR_figure_Phoenix
    main.o(i.main) refers to control.o(i.PID_UD_figure_Phoenix) for PID_UD_figure_Phoenix
    main.o(i.main) refers to show.o(i.Show_LCD_Phoenix) for Show_LCD_Phoenix
    main.o(i.main) refers to show.o(i.Upper_Computer_Phoenix) for Upper_Computer_Phoenix
    main.o(i.main) refers to delay.o(i.delay_ms) for delay_ms
    main.o(i.main) refers to usmart_config.o(.data) for usmart_dev
    main.o(i.main) refers to main.o(.bss) for .bss
    system_stm32f10x.o(i.SystemCoreClockUpdate) refers to system_stm32f10x.o(.data) for .data
    system_stm32f10x.o(i.SystemInit) refers to system_stm32f10x.o(i.SetSysClockTo72) for SetSysClockTo72
    led.o(i.LED_Init) refers to stm32f10x_rcc.o(i.RCC_APB2PeriphClockCmd) for RCC_APB2PeriphClockCmd
    led.o(i.LED_Init) refers to stm32f10x_gpio.o(i.GPIO_Init) for GPIO_Init
    led.o(i.LED_Init) refers to stm32f10x_gpio.o(i.GPIO_SetBits) for GPIO_SetBits
    key.o(i.KEY_Init) refers to stm32f10x_rcc.o(i.RCC_APB2PeriphClockCmd) for RCC_APB2PeriphClockCmd
    key.o(i.KEY_Init) refers to stm32f10x_gpio.o(i.GPIO_Init) for GPIO_Init
    key.o(i.KEY_Scan) refers to stm32f10x_gpio.o(i.GPIO_ReadInputDataBit) for GPIO_ReadInputDataBit
    key.o(i.KEY_Scan) refers to delay.o(i.delay_ms) for delay_ms
    key.o(i.KEY_Scan) refers to key.o(.data) for .data
    lcd.o(i.LCD_Clear) refers to lcd.o(i.LCD_SetCursor) for LCD_SetCursor
    lcd.o(i.LCD_Clear) refers to lcd.o(i.LCD_WriteRAM_Prepare) for LCD_WriteRAM_Prepare
    lcd.o(i.LCD_Clear) refers to lcd.o(.bss) for .bss
    lcd.o(i.LCD_Color_Fill) refers to lcd.o(i.LCD_SetCursor) for LCD_SetCursor
    lcd.o(i.LCD_Color_Fill) refers to lcd.o(i.LCD_WriteRAM_Prepare) for LCD_WriteRAM_Prepare
    lcd.o(i.LCD_DisplayOff) refers to lcd.o(i.LCD_WriteReg) for LCD_WriteReg
    lcd.o(i.LCD_DisplayOff) refers to lcd.o(.bss) for .bss
    lcd.o(i.LCD_DisplayOn) refers to lcd.o(i.LCD_WriteReg) for LCD_WriteReg
    lcd.o(i.LCD_DisplayOn) refers to lcd.o(.bss) for .bss
    lcd.o(i.LCD_Display_Dir) refers to lcd.o(i.LCD_Scan_Dir) for LCD_Scan_Dir
    lcd.o(i.LCD_Display_Dir) refers to lcd.o(.bss) for .bss
    lcd.o(i.LCD_DrawLine) refers to lcd.o(i.LCD_DrawPoint) for LCD_DrawPoint
    lcd.o(i.LCD_DrawPoint) refers to lcd.o(i.LCD_SetCursor) for LCD_SetCursor
    lcd.o(i.LCD_DrawPoint) refers to lcd.o(i.LCD_WriteRAM_Prepare) for LCD_WriteRAM_Prepare
    lcd.o(i.LCD_DrawPoint) refers to lcd.o(.data) for .data
    lcd.o(i.LCD_DrawRectangle) refers to lcd.o(i.LCD_DrawLine) for LCD_DrawLine
    lcd.o(i.LCD_Draw_Circle) refers to lcd.o(i.LCD_DrawPoint) for LCD_DrawPoint
    lcd.o(i.LCD_Fast_DrawPoint) refers to lcd.o(i.LCD_WriteReg) for LCD_WriteReg
    lcd.o(i.LCD_Fast_DrawPoint) refers to lcd.o(.bss) for .bss
    lcd.o(i.LCD_Fill) refers to lcd.o(i.LCD_SetCursor) for LCD_SetCursor
    lcd.o(i.LCD_Fill) refers to lcd.o(i.LCD_WriteRAM_Prepare) for LCD_WriteRAM_Prepare
    lcd.o(i.LCD_Fill) refers to lcd.o(.bss) for .bss
    lcd.o(i.LCD_Init) refers to _printf_percent.o(.ARM.Collect$$_printf_percent$$00000000) for _printf_percent
    lcd.o(i.LCD_Init) refers to _printf_x.o(.ARM.Collect$$_printf_percent$$0000000C) for _printf_x
    lcd.o(i.LCD_Init) refers to _printf_hex_int.o(.text) for _printf_longlong_hex
[...]
    x$fpl$dadd                               0x0800806c   Section      336  daddsub_clz.o(x$fpl$dadd)
    _dadd1                                   0x0800807d   Thumb Code     0  daddsub_clz.o(x$fpl$dadd)
    x$fpl$dfixu                              0x080081bc   Section       90  dfixu.o(x$fpl$dfixu)
    x$fpl$dfltu                              0x08008216   Section       38  dflt_clz.o(x$fpl$dfltu)
    x$fpl$dmul                               0x0800823c   Section      340  dmul.o(x$fpl$dmul)
    x$fpl$dnaninf                            0x08008390   Section      156  dnaninf.o(x$fpl$dnaninf)
    x$fpl$dretinf                            0x0800842c   Section       12  dretinf.o(x$fpl$dretinf)
    x$fpl$dsub                               0x08008438   Section      468  daddsub_clz.o(x$fpl$dsub)
    _dsub1                                   0x08008449   Thumb Code     0  daddsub_clz.o(x$fpl$dsub)
    x$fpl$f2d                                0x0800860c   Section       86  f2d.o(x$fpl$f2d)
    x$fpl$fadd                               0x08008664   Section      196  faddsub_clz.o(x$fpl$fadd)
    _fadd1                                   0x08008673   Thumb Code     0  faddsub_clz.o(x$fpl$fadd)
    x$fpl$ffix                               0x08008728   Section       54  ffix.o(x$fpl$ffix)
    x$fpl$ffixu                              0x08008760   Section       62  ffixu.o(x$fpl$ffixu)
    x$fpl$fflt                               0x080087a0   Section       48  fflt_clz.o(x$fpl$fflt)
    x$fpl$fmul                               0x080087d0   Section      258  fmul.o(x$fpl$fmul)
    x$fpl$fnaninf                            0x080088d2   Section      140  fnaninf.o(x$fpl$fnaninf)
    x$fpl$fretinf                            0x0800895e   Section       10  fretinf.o(x$fpl$fretinf)
    x$fpl$fsub                               0x08008968   Section      234  faddsub_clz.o(x$fpl$fsub)
    _fsub1                                   0x08008977   Thumb Code     0  faddsub_clz.o(x$fpl$fsub)
    .constdata                               0x08008a52   Section     6080  lcd.o(.constdata)
    x$fpl$usenofp                            0x08008a52   Section        0  usenofp.o(x$fpl$usenofp)
    .constdata                               0x0800a212   Section      336  ov7670.o(.constdata)
    .constdata                               0x0800a362   Section      130  ov7725.o(.constdata)
    .constdata                               0x0800a3e4   Section       40  _printf_hex_int.o(.constdata)
    uc_hextab                                0x0800a3e4   Data          20  _printf_hex_int.o(.constdata)
    lc_hextab                                0x0800a3f8   Data          20  _printf_hex_int.o(.constdata)
    .constdata                               0x0800a40c   Section       17  __printf_flags_ss_wp.o(.constdata)
    maptable                                 0x0800a40c   Data          17  __printf_flags_ss_wp.o(.constdata)
    .conststring                             0x0800a420   Section       40  usmart.o(.conststring)
    .conststring                             0x0800a448   Section      279  usmart_config.o(.conststring)
    .data                                    0x20000000   Section        1  main.o(.data)
    .data                                    0x20000001   Section        1  main.o(.data)
    .data                                    0x20000002   Section        1  main.o(.data)
    .data                                    0x20000003   Section        1  main.o(.data)
    .data                                    0x20000004   Section       20  system_stm32f10x.o(.data)
    .data                                    0x20000018   Section        1  key.o(.data)
    key_up                                   0x20000018   Data           1  key.o(.data)
    .data                                    0x2000001a   Section        4  lcd.o(.data)
    .data                                    0x2000001e   Section        4  tpad.o(.data)
    keyen                                    0x2000001e   Data           1  tpad.o(.data)
    .data                                    0x20000022   Section        1  exti.o(.data)
    .data                                    0x20000024   Section        4  timer.o(.data)
    .data                                    0x20000028   Section       32  pid.o(.data)
    Bias                                     0x20000028   Data           4  pid.o(.data)
    PWM_Out                                  0x2000002c   Data           4  pid.o(.data)
    Integral_bias                            0x20000030   Data           4  pid.o(.data)
    Last_Bias                                0x20000034   Data           4  pid.o(.data)
    Differntial_bias                         0x20000038   Data           4  pid.o(.data)
    Bias                                     0x2000003c   Data           4  pid.o(.data)
    PWM_Out                                  0x20000040   Data           4  pid.o(.data)
    Last_Bias                                0x20000044   Data           4  pid.o(.data)
    .data                                    0x20000048   Section        2  show.o(.data)
    .data                                    0x2000004a   Section        4  delay.o(.data)
    fac_us                                   0x2000004a   Data           1  delay.o(.data)
    fac_ms                                   0x2000004c   Data           2  delay.o(.data)
    .data                                    0x2000004e   Section        2  usart.o(.data)
    .data                                    0x20000050   Section        4  usart.o(.data)
    .data                                    0x20000054   Section       20  stm32f10x_rcc.o(.data)
    ADCPrescTable                            0x20000054   Data           4  stm32f10x_rcc.o(.data)
    APBAHBPrescTable                         0x20000058   Data          16  stm32f10x_rcc.o(.data)
    .data                                    0x20000068   Section       28  usmart.o(.data)
    .data                                    0x20000084   Section       64  usmart_config.o(.data)
    .data                                    0x200000c4   Section      244  usmart_config.o(.data)
    .data                                    0x200001b8   Section        1  color.o(.data)
    .data                                    0x200001ba   Section       16  color.o(.data)
    .data                                    0x200001ca   Section       12  color.o(.data)
    x0                                       0x200001ca   Data           2  color.o(.data)
    y0                                       0x200001cc   Data           2  color.o(.data)
    .data                                    0x200001d6   Section        8  color.o(.data)
    .bss                                     0x200001e0   Section       68  main.o(.bss)
    .bss                                     0x20000224   Section       14  lcd.o(.bss)
    .bss                                     0x20000232   Section       42  upper_computer.o(.bss)
    .bss                                     0x2000025c   Section      200  usart.o(.bss)
    .bss                                     0x20000324   Section       96  libspace.o(.bss)
    HEAP                                     0x20000388   Section        0  startup_stm32f10x_hd.o(HEAP)
    STACK                                    0x20000388   Section     1024  startup_stm32f10x_hd.o(STACK)
    Heap_Mem                                 0x20000388   Data           0  startup_stm32f10x_hd.o(HEAP)
    Stack_Mem                                0x20000388   Data        1024  startup_stm32f10x_hd.o(STACK)
    __initial_sp                             0x20000788   Data           0  startup_stm32f10x_hd.o(STACK)

    Global Symbols

    Symbol Name                              Value     Ov Type        Size  Object(Section)

    BuildAttributes$$THM_ISAv4$P$D$K$B$S$PE$A:L22UL41UL21$X:L11$S22US41US21$IEEE1$IW$USESV6$~STKCKD$USESV7$~SHL$OSPACE$ROPI$EBA8$UX$STANDARDLIB$REQ8$PRES8$EABIv2 0x00000000   Number         0  anon$$obj.o ABSOLUTE
    __ARM_use_no_argv                        0x00000000   Number         0  main.o ABSOLUTE
    _printf_flags                            0x00000000   Number         0  printf_stubs.o ABSOLUTE
    _printf_return_value                     0x00000000   Number         0  printf_stubs.o ABSOLUTE
    _printf_sizespec                         0x00000000   Number         0  printf_stubs.o ABSOLUTE
    _printf_widthprec                        0x00000000   Number         0  printf_stubs.o ABSOLUTE
    __ARM_exceptions_init                     - Undefined Weak Reference
    __alloca_initialize                       - Undefined Weak Reference
    __arm_preinit_                            - Undefined Weak Reference
    __cpp_initialize__aeabi_                  - Undefined Weak Reference
    __cxa_finalize                            - Undefined Weak Reference
    __rt_locale                               - Undefined Weak Reference
    __sigvec_lookup                           - Undefined Weak Reference
    _atexit_init                              - Undefined Weak Reference
    _call_atexit_fns                          - Undefined Weak Reference
    _clock_init                               - Undefined Weak Reference
    _fp_trap_init                             - Undefined Weak Reference
    _fp_trap_shutdown                         - Undefined Weak Reference
    _get_lc_collate                           - Undefined Weak Reference
    _get_lc_ctype                             - Undefined Weak Reference
    _get_lc_monetary                          - Undefined Weak Reference
    _get_lc_numeric                           - Undefined Weak Reference
    _get_lc_time                              - Undefined Weak Reference
    _getenv_init                              - Undefined Weak Reference
    _handle_redirection                       - Undefined Weak Reference
    _init_alloc                               - Undefined Weak Reference
    _init_user_alloc                          - Undefined Weak Reference
    _initio                                   - Undefined Weak Reference
    _mutex_acquire                            - Undefined Weak Reference
    _mutex_release                            - Undefined Weak Reference
    _printf_mbtowc                            - Undefined Weak Reference
    _printf_truncate_signed                   - Undefined Weak Reference
    _printf_truncate_unsigned                 - Undefined Weak Reference
    _rand_init                                - Undefined Weak Reference
    _signal_finish                            - Undefined Weak Reference
    _signal_init                              - Undefined Weak Reference
    _terminate_alloc                          - Undefined Weak Reference
    _terminate_user_alloc                     - Undefined Weak Reference
    _terminateio                              - Undefined Weak Reference
    __Vectors_Size                           0x00000130   Number         0  startup_stm32f10x_hd.o ABSOLUTE
    __Vectors                                0x08000000   Data           4  startup_stm32f10x_hd.o(RESET)
    __Vectors_End                            0x08000130   Data           0  startup_stm32f10x_hd.o(RESET)
    __main                                   0x08000131   Thumb Code     8  __main.o(!!!main)
    __scatterload                            0x08000139   Thumb Code     0  __scatter.o(!!!scatter)
    __scatterload_rt2                        0x08000139   Thumb Code    44  __scatter.o(!!!scatter)
    __scatterload_rt2_thumb_only             0x08000139   Thumb Code     0  __scatter.o(!!!scatter)
    __scatterload_null                       0x08000147   Thumb Code     0  __scatter.o(!!!scatter)
    __decompress                             0x0800016d   Thumb Code    90  __dczerorl2.o(!!dczerorl2)
    __decompress1                            0x0800016d   Thumb Code     0  __dczerorl2.o(!!dczerorl2)
    __scatterload_zeroinit                   0x080001c9   Thumb Code    28  __scatter_zi.o(!!handler_zi)
    _printf_d                                0x080001e5   Thumb Code     0  _printf_d.o(.ARM.Collect$$_printf_percent$$00000009)
    _printf_percent                          0x080001e5   Thumb Code     0  _printf_percent.o(.ARM.Collect$$_printf_percent$$00000000)
    _printf_u                                0x080001eb   Thumb Code     0  _printf_u.o(.ARM.Collect$$_printf_percent$$0000000A)
    _printf_x                                0x080001f1   Thumb Code     0  _printf_x.o(.ARM.Collect$$_printf_percent$$0000000C)
    _printf_c                                0x080001f7   Thumb Code     0  _printf_c.o(.ARM.Collect$$_printf_percent$$00000013)
    _printf_s                                0x080001fd   Thumb Code     0  _printf_s.o(.ARM.Collect$$_printf_percent$$00000014)
    _printf_percent_end                      0x08000203   Thumb Code     0  _printf_percent_end.o(.ARM.Collect$$_printf_percent$$00000017)
    __rt_lib_init                            0x08000207   Thumb Code     0  libinit.o(.ARM.Collect$$libinit$$00000000)
    __rt_lib_init_alloca_1                   0x08000209   Thumb Code     0  libinit2.o(.ARM.Collect$$libinit$$0000002E)
    __rt_lib_init_argv_1                     0x08000209   Thumb Code     0  libinit2.o(.ARM.Collect$$libinit$$0000002C)
    __rt_lib_init_atexit_1                   0x08000209   Thumb Code     0  libinit2.o(.ARM.Collect$$libinit$$0000001B)
    __rt_lib_init_clock_1                    0x08000209   Thumb Code     0  libinit2.o(.ARM.Collect$$libinit$$00000021)
    __rt_lib_init_cpp_1                      0x08000209   Thumb Code     0  libinit2.o(.ARM.Collect$$libinit$$00000032)
    __rt_lib_init_exceptions_1               0x08000209   Thumb Code     0  libinit2.o(.ARM.Collect$$libinit$$00000030)
    __rt_lib_init_fp_1                       0x08000209   Thumb Code     0  libinit2.o(.ARM.Collect$$libinit$$00000002)
    __rt_lib_init_fp_trap_1                  0x08000209   Thumb Code     0  libinit2.o(.ARM.Collect$$libinit$$0000001F)
    __rt_lib_init_getenv_1                   0x08000209   Thumb Code     0  libinit2.o(.ARM.Collect$$libinit$$00000023)
    __rt_lib_init_heap_1                     0x08000209   Thumb Code     0  libinit2.o(.ARM.Collect$$libinit$$0000000A)
    __rt_lib_init_lc_collate_1               0x08000209   Thumb Code     0  libinit2.o(.ARM.Collect$$libinit$$00000011)
    __rt_lib_init_lc_ctype_1                 0x08000209   Thumb Code     0  libinit2.o(.ARM.Collect$$libinit$$00000013)
    __rt_lib_init_lc_monetary_1              0x08000209   Thumb Code     0  libinit2.o(.ARM.Collect$$libinit$$00000015)
    __rt_lib_init_lc_numeric_1               0x08000209   Thumb Code     0  libinit2.o(.ARM.Collect$$libinit$$00000017)
    __rt_lib_init_lc_time_1                  0x08000209   Thumb Code     0  libinit2.o(.ARM.Collect$$libinit$$00000019)
    __rt_lib_init_preinit_1                  0x08000209   Thumb Code     0  libinit2.o(.ARM.Collect$$libinit$$00000004)
    __rt_lib_init_rand_1                     0x08000209   Thumb Code     0  libinit2.o(.ARM.Collect$$libinit$$0000000E)
    __rt_lib_init_return                     0x08000209   Thumb Code     0  libinit2.o(.ARM.Collect$$libinit$$00000033)
    __rt_lib_init_signal_1                   0x08000209   Thumb Code     0  libinit2.o(.ARM.Collect$$libinit$$0000001D)
    __rt_lib_init_stdio_1                    0x08000209   Thumb Code     0  libinit2.o(.ARM.Collect$$libinit$$00000025)
    __rt_lib_init_user_alloc_1               0x08000209   Thumb Code     0  libinit2.o(.ARM.Collect$$libinit$$0000000C)
    __rt_lib_shutdown                        0x0800020b   Thumb Code     0  libshutdown.o(.ARM.Collect$$libshutdown$$00000000)
    __rt_lib_shutdown_cpp_1                  0x0800020d   Thumb Code     0  libshutdown2.o(.ARM.Collect$$libshutdown$$00000002)
    __rt_lib_shutdown_fp_trap_1              0x0800020d   Thumb Code     0  libshutdown2.o(.ARM.Collect$$libshutdown$$00000007)
    __rt_lib_shutdown_heap_1                 0x0800020d   Thumb Code     0  libshutdown2.o(.ARM.Collect$$libshutdown$$0000000F)
    __rt_lib_shutdown_return                 0x0800020d   Thumb Code     0  libshutdown2.o(.ARM.Collect$$libshutdown$$00000010)
    __rt_lib_shutdown_signal_1               0x0800020d   Thumb Code     0  libshutdown2.o(.ARM.Collect$$libshutdown$$0000000A)
    __rt_lib_shutdown_stdio_1                0x0800020d   Thumb Code     0  libshutdown2.o(.ARM.Collect$$libshutdown$$00000004)
    __rt_lib_shutdown_user_alloc_1           0x0800020d   Thumb Code     0  libshutdown2.o(.ARM.Collect$$libshutdown$$0000000C)
    __rt_entry                               0x0800020f   Thumb Code     0  __rtentry.o(.ARM.Collect$$rtentry$$00000000)
    __rt_entry_presh_1                       0x0800020f   Thumb Code     0  __rtentry2.o(.ARM.Collect$$rtentry$$00000002)
    __rt_entry_sh                            0x0800020f   Thumb Code     0  __rtentry4.o(.ARM.Collect$$rtentry$$00000004)
    __rt_entry_li                            0x08000215   Thumb Code     0  __rtentry2.o(.ARM.Collect$$rtentry$$0000000A)
    __rt_entry_postsh_1                      0x08000215   Thumb Code     0  __rtentry2.o(.ARM.Collect$$rtentry$$00000009)
    __rt_entry_main                          0x08000219   Thumb Code     0  __rtentry2.o(.ARM.Collect$$rtentry$$0000000D)
    __rt_entry_postli_1                      0x08000219   Thumb Code     0  __rtentry2.o(.ARM.Collect$$rtentry$$0000000C)
    __rt_exit                                0x08000221   Thumb Code     0  rtexit.o(.ARM.Collect$$rtexit$$00000000)
    __rt_exit_ls                             0x08000223   Thumb Code     0  rtexit2.o(.ARM.Collect$$rtexit$$00000003)
    __rt_exit_prels_1                        0x08000223   Thumb Code     0  rtexit2.o(.ARM.Collect$$rtexit$$00000002)
    __rt_exit_exit                           0x08000227   Thumb Code     0  rtexit2.o(.ARM.Collect$$rtexit$$00000004)
    Reset_Handler                            0x0800022d   Thumb Code     8  startup_stm32f10x_hd.o(.text)
    ADC1_2_IRQHandler                        0x08000247   Thumb Code     0  startup_stm32f10x_hd.o(.text)
    ADC3_IRQHandler                          0x08000247   Thumb Code     0  startup_stm32f10x_hd.o(.text)
    CAN1_RX1_IRQHandler                      0x08000247   Thumb Code     0  startup_stm32f10x_hd.o(.text)
    CAN1_SCE_IRQHandler                      0x08000247   Thumb Code     0  startup_stm32f10x_hd.o(.text)
    DMA1_Channel1_IRQHandler                 0x08000247   Thumb Code     0  startup_stm32f10x_hd.o(.text)
    DMA1_Channel2_IRQHandler                 0x08000247   Thumb Code     0  startup_stm32f10x_hd.o(.text)
    DMA1_Channel3_IRQHandler                 0x08000247   Thumb Code     0  startup_stm32f10x_hd.o(.text)
    DMA1_Channel4_IRQHandler                 0x08000247   Thumb Code     0  startup_stm32f10x_hd.o(.text)
    DMA1_Channel5_IRQHandler                 0x08000247   Thumb Code     0  startup_stm32f10x_hd.o(.text)
    DMA1_Channel6_IRQHandler                 0x08000247   Thumb Code     0  startup_stm32f10x_hd.o(.text)
    DMA1_Channel7_IRQHandler                 0x08000247   Thumb Code     0  startup_stm32f10x_hd.o(.text)
    DMA2_Channel1_IRQHandler                 0x08000247   Thumb Code     0  startup_stm32f10x_hd.o(.text)
    DMA2_Channel2_IRQHandler                 0x08000247   Thumb Code     0  startup_stm32f10x_hd.o(.text)
    DMA2_Channel3_IRQHandler                 0x08000247   Thumb Code     0  startup_stm32f10x_hd.o(.text)
    DMA2_Channel4_5_IRQHandler               0x08000247   Thumb Code     0  startup_stm32f10x_hd.o(.text)
    EXTI15_10_IRQHandler                     0x08000247   Thumb Code     0  startup_stm32f10x_hd.o(.text)
    EXTI1_IRQHandler                         0x08000247   Thumb Code     0  startup_stm32f10x_hd.o(.text)
    FLASH_IRQHandler                         0x08000247   Thumb Code     0  startup_stm32f10x_hd.o(.text)
    FSMC_IRQHandler                          0x08000247   Thumb Code     0  startup_stm32f10x_hd.o(.text)
    I2C1_ER_IRQHandler                       0x08000247   Thumb Code     0  startup_stm32f10x_hd.o(.text)
    I2C1_EV_IRQHandler                       0x08000247   Thumb Code     0  startup_stm32f10x_hd.o(.text)
    I2C2_ER_IRQHandler                       0x08000247   Thumb Code     0  startup_stm32f10x_hd.o(.text)
    I2C2_EV_IRQHandler                       0x08000247   Thumb Code     0  startup_stm32f10x_hd.o(.text)
    PVD_IRQHandler                           0x08000247   Thumb Code     0  startup_stm32f10x_hd.o(.text)
    RCC_IRQHandler                           0x08000247   Thumb Code     0  startup_stm32f10x_hd.o(.text)
    RTCAlarm_IRQHandler                      0x08000247   Thumb Code     0  startup_stm32f10x_hd.o(.text)
    RTC_IRQHandler                           0x08000247   Thumb Code     0  startup_stm32f10x_hd.o(.text)
    SDIO_IRQHandler                          0x08000247   Thumb Code     0  startup_stm32f10x_hd.o(.text)
    SPI1_IRQHandler                          0x08000247   Thumb Code     0  startup_stm32f10x_hd.o(.text)
    SPI2_IRQHandler                          0x08000247   Thumb Code     0  startup_stm32f10x_hd.o(.text)
    SPI3_IRQHandler                          0x08000247   Thumb Code     0  startup_stm32f10x_hd.o(.text)
    TAMPER_IRQHandler                        0x08000247   Thumb Code     0  startup_stm32f10x_hd.o(.text)
    TIM1_BRK_IRQHandler                      0x08000247   Thumb Code     0  startup_stm32f10x_hd.o(.text)
    TIM1_CC_IRQHandler                       0x08000247   Thumb Code     0  startup_stm32f10x_hd.o(.text)
    TIM1_TRG_COM_IRQHandler                  0x08000247   Thumb Code     0  startup_stm32f10x_hd.o(.text)
    TIM1_UP_IRQHandler                       0x08000247   Thumb Code     0  startup_stm32f10x_hd.o(.text)
    TIM2_IRQHandler                          0x08000247   Thumb Code     0  startup_stm32f10x_hd.o(.text)
    TIM7_IRQHandler                          0x08000247   Thumb Code     0  startup_stm32f10x_hd.o(.text)
    TIM8_BRK_IRQHandler                      0x08000247   Thumb Code     0  startup_stm32f10x_hd.o(.text)
    TIM8_CC_IRQHandler                       0x08000247   Thumb Code     0  startup_stm32f10x_hd.o(.text)
    TIM8_TRG_COM_IRQHandler                  0x08000247   Thumb Code     0  startup_stm32f10x_hd.o(.text)
    TIM8_UP_IRQHandler                       0x08000247   Thumb Code     0  startup_stm32f10x_hd.o(.text)
    UART4_IRQHandler                         0x08000247   Thumb Code     0  startup_stm32f10x_hd.o(.text)
    UART5_IRQHandler                         0x08000247   Thumb Code     0  startup_stm32f10x_hd.o(.text)
    USART2_IRQHandler                        0x08000247   Thumb Code     0  startup_stm32f10x_hd.o(.text)
    USART3_IRQHandler                        0x08000247   Thumb Code     0  startup_stm32f10x_hd.o(.text)
    USBWakeUp_IRQHandler                     0x08000247   Thumb Code     0  startup_stm32f10x_hd.o(.text)
    USB_HP_CAN1_TX_IRQHandler                0x08000247   Thumb Code     0  startup_stm32f10x_hd.o(.text)
    USB_LP_CAN1_RX0_IRQHandler               0x08000247   Thumb Code     0  startup_stm32f10x_hd.o(.text)
    WWDG_IRQHandler                          0x08000247   Thumb Code     0  startup_stm32f10x_hd.o(.text)
    __user_initial_stackheap                 0x08000249   Thumb Code     0  startup_stm32f10x_hd.o(.text)
    __use_no_semihosting                     0x08000269   Thumb Code     2  use_no_semi_2.o(.text)
    __2printf                                0x0800026d   Thumb Code    20  noretval__2printf.o(.text)
    _printf_pre_padding                      0x08000285   Thumb Code    44  _printf_pad.o(.text)
    _printf_post_padding                     0x080002b1   Thumb Code    34  _printf_pad.o(.text)
    _printf_str                              0x080002d3   Thumb Code    82  _printf_str.o(.text)
    _printf_int_dec                          0x08000325   Thumb Code   104  _printf_dec.o(.text)
    _printf_int_hex                          0x0800039d   Thumb Code    84  _printf_hex_int.o(.text)
    _printf_longlong_hex                     0x0800039d   Thumb Code     0  _printf_hex_int.o(.text)
    __printf                                 0x080003f5   Thumb Code   388  __printf_flags_ss_wp.o(.text)
    __use_two_region_memory                  0x0800057d   Thumb Code     2  heapauxi.o(.text)
    __rt_heap_escrow$2region                 0x0800057f   Thumb Code     2  heapauxi.o(.text)
    __rt_heap_expand$2region                 0x08000581   Thumb Code     2  heapauxi.o(.text)
    __I$use$semihosting                      0x08000583   Thumb Code     0  use_no_semi.o(.text)
    __use_no_semihosting_swi                 0x08000583   Thumb Code     2  use_no_semi.o(.text)
    _printf_int_common                       0x08000585   Thumb Code   178  _printf_intcommon.o(.text)
    _printf_cs_common                        0x08000637   Thumb Code    20  _printf_char.o(.text)
    _printf_char                             0x0800064b   Thumb Code    16  _printf_char.o(.text)
    _printf_string                           0x0800065b   Thumb Code     8  _printf_char.o(.text)
    _printf_char_file                        0x08000665   Thumb Code    32  _printf_char_file.o(.text)
    _printf_char_common                      0x08000693   Thumb Code    32  _printf_char_common.o(.text)
    ferror                                   0x080006b9   Thumb Code     8  ferror.o(.text)
    __user_setup_stackheap                   0x080006c1   Thumb Code    74  sys_stackheap_outer.o(.text)
    exit                                     0x0800070b   Thumb Code    18  exit.o(.text)
    __user_libspace                          0x0800071d   Thumb Code     8  libspace.o(.text)
    __user_perproc_libspace                  0x0800071d   Thumb Code     0  libspace.o(.text)
    __user_perthread_libspace                0x0800071d   Thumb Code     0  libspace.o(.text)
    BusFault_Handler                         0x08000725   Thumb Code     2  stm32f10x_it.o(i.BusFault_Handler)
    ColorMatch                               0x08000727   Thumb Code    86  color.o(i.ColorMatch)
    Color_Capture_Reconfigure                0x0800077d   Thumb Code   350  control.o(i.Color_Capture_Reconfigure)
    Constant_Init                            0x08000939   Thumb Code    42  control.o(i.Constant_Init)
    Corrode                                  0x08000969   Thumb Code   310  color.o(i.Corrode)
    DataScope_Data_Generate                  0x08000aa1   Thumb Code   124  upper_computer.o(i.DataScope_Data_Generate)
    DataScope_Get_Channel_Data               0x08000b21   Thumb Code    78  upper_computer.o(i.DataScope_Get_Channel_Data)
    DebugMon_Handler                         0x08000b75   Thumb Code     2  stm32f10x_it.o(i.DebugMon_Handler)
    Draw_Sign_Cross                          0x08000b77   Thumb Code    40  control.o(i.Draw_Sign_Cross)
    EXTI0_IRQHandler                         0x08000ba1   Thumb Code    48  exti.o(i.EXTI0_IRQHandler)
    EXTI2_IRQHandler                         0x08000bd9   Thumb Code    46  exti.o(i.EXTI2_IRQHandler)
    EXTI3_IRQHandler                         0x08000c11   Thumb Code    46  exti.o(i.EXTI3_IRQHandler)
    EXTI4_IRQHandler                         0x08000c49   Thumb Code    46  exti.o(i.EXTI4_IRQHandler)
    EXTI8_Init                               0x08000c81   Thumb Code    66  exti.o(i.EXTI8_Init)
    EXTI9_5_IRQHandler                       0x08000cc5   Thumb Code    60  exti.o(i.EXTI9_5_IRQHandler)
    EXTI_ClearITPendingBit                   0x08000d0d   Thumb Code     6  stm32f10x_exti.o(i.EXTI_ClearITPendingBit)
    EXTI_GetITStatus                         0x08000d19   Thumb Code    28  stm32f10x_exti.o(i.EXTI_GetITStatus)
    EXTI_Init                                0x08000d39   Thumb Code   108  stm32f10x_exti.o(i.EXTI_Init)
    FSMC_NORSRAMCmd                          0x08000da9   Thumb Code    26  stm32f10x_fsmc.o(i.FSMC_NORSRAMCmd)
    FSMC_NORSRAMInit                         0x08000dc9   Thumb Code   200  stm32f10x_fsmc.o(i.FSMC_NORSRAMInit)
    Feature_Recognize_Start_Phoenix          0x08000e91   Thumb Code   174  control.o(i.Feature_Recognize_Start_Phoenix)
    Float2Byte                               0x08000f69   Thumb Code    20  upper_computer.o(i.Float2Byte)
    GPIO_EXTILineConfig                      0x08000f7d   Thumb Code    34  stm32f10x_gpio.o(i.GPIO_EXTILineConfig)
    GPIO_Init                                0x08000fa5   Thumb Code   156  stm32f10x_gpio.o(i.GPIO_Init)
    GPIO_PinRemapConfig                      0x08001041   Thumb Code    82  stm32f10x_gpio.o(i.GPIO_PinRemapConfig)
    GPIO_ReadInputDataBit                    0x08001099   Thumb Code    14  stm32f10x_gpio.o(i.GPIO_ReadInputDataBit)
    GPIO_ResetBits                           0x080010a7   Thumb Code     4  stm32f10x_gpio.o(i.GPIO_ResetBits)
    GPIO_SetBits                             0x080010ab   Thumb Code     4  stm32f10x_gpio.o(i.GPIO_SetBits)
    HardFault_Handler                        0x080010af   Thumb Code     2  stm32f10x_it.o(i.HardFault_Handler)
    KEY_Init                                 0x080010b1   Thumb Code    52  key.o(i.KEY_Init)
    KEY_Scan                                 0x080010ed   Thumb Code   190  key.o(i.KEY_Scan)
    Key_Modify_Phoenix                       0x080011b9   Thumb Code   104  control.o(i.Key_Modify_Phoenix)
    LCD_BGR2RGB                              0x0800122d   Thumb Code    18  lcd.o(i.LCD_BGR2RGB)
    LCD_Clear                                0x08001241   Thumb Code   100  lcd.o(i.LCD_Clear)
    LCD_Display_Dir                          0x080012ad   Thumb Code   304  lcd.o(i.LCD_Display_Dir)
    LCD_DrawLine                             0x080013e1   Thumb Code   150  lcd.o(i.LCD_DrawLine)
    LCD_DrawPoint                            0x08001479   Thumb Code    20  lcd.o(i.LCD_DrawPoint)
    LCD_DrawRectangle                        0x08001495   Thumb Code    56  lcd.o(i.LCD_DrawRectangle)
    LCD_Fast_DrawPoint                       0x080014cd   Thumb Code   278  lcd.o(i.LCD_Fast_DrawPoint)
    LCD_Fill                                 0x080015ed   Thumb Code   132  lcd.o(i.LCD_Fill)
    LCD_Init                                 0x08001679   Thumb Code 11818  lcd.o(i.LCD_Init)
    LCD_Pow                                  0x080044a9   Thumb Code    16  lcd.o(i.LCD_Pow)
    LCD_RD_DATA                              0x080044b9   Thumb Code    16  lcd.o(i.LCD_RD_DATA)
    LCD_ReadPoint                            0x080044cd   Thumb Code   260  lcd.o(i.LCD_ReadPoint)
    LCD_ReadReg                              0x080045d9   Thumb Code    20  lcd.o(i.LCD_ReadReg)
    LCD_SSD_BackLightSet                     0x080045f1   Thumb Code    50  lcd.o(i.LCD_SSD_BackLightSet)
    LCD_Scan_Dir                             0x0800462d   Thumb Code   414  lcd.o(i.LCD_Scan_Dir)
    LCD_SetCursor                            0x080047d5   Thumb Code   320  lcd.o(i.LCD_SetCursor)
    LCD_Set_Window                           0x0800491d   Thumb Code   370  lcd.o(i.LCD_Set_Window)
    LCD_ShowChar                             0x08004a99   Thumb Code   182  lcd.o(i.LCD_ShowChar)
    LCD_ShowString                           0x08004b65   Thumb Code    84  lcd.o(i.LCD_ShowString)
    LCD_ShowxNum                             0x08004bb9   Thumb Code   134  lcd.o(i.LCD_ShowxNum)
    LCD_WriteRAM_Prepare                     0x08004c41   Thumb Code    10  lcd.o(i.LCD_WriteRAM_Prepare)
    LCD_WriteReg                             0x08004c55   Thumb Code    10  lcd.o(i.LCD_WriteReg)
    LED_Init                                 0x08004c65   Thumb Code    70  led.o(i.LED_Init)
    MemManage_Handler                        0x08004cb5   Thumb Code     2  stm32f10x_it.o(i.MemManage_Handler)
    NMI_Handler                              0x08004cb7   Thumb Code     2  stm32f10x_it.o(i.NMI_Handler)
    NVIC_Init                                0x08004cb9   Thumb Code    94  misc.o(i.NVIC_Init)
    NVIC_PriorityGroupConfig                 0x08004d1d   Thumb Code    10  misc.o(i.NVIC_PriorityGroupConfig)
    OV7670_Brightness                        0x08004d31   Thumb Code    38  ov7670.o(i.OV7670_Brightness)
    OV7670_Color_Saturation                  0x08004d57   Thumb Code   114  ov7670.o(i.OV7670_Color_Saturation)
    OV7670_Contrast                          0x08004dc9   Thumb Code    38  ov7670.o(i.OV7670_Contrast)
    OV7670_Init                              0x08004df1   Thumb Code   242  ov7670.o(i.OV7670_Init)
    OV7670_Light_Mode                        0x08004f01   Thumb Code   126  ov7670.o(i.OV7670_Light_Mode)
    OV7670_Special_Effects                   0x08004f7f   Thumb Code   128  ov7670.o(i.OV7670_Special_Effects)
    OV7670_Window_Set                        0x08004fff   Thumb Code   110  ov7670.o(i.OV7670_Window_Set)
    OV7670_camera_refresh                    0x0800506d   Thumb Code   230  control.o(i.OV7670_camera_refresh)
    OV7725_7670_Camera_Refresh_Phoenix       0x08005171   Thumb Code    22  control.o(i.OV7725_7670_Camera_Refresh_Phoenix)
    OV7725_Brightness                        0x0800518d   Thumb Code    78  ov7725.o(i.OV7725_Brightness)
    OV7725_Color_Saturation                  0x080051db   Thumb Code    34  ov7725.o(i.OV7725_Color_Saturation)
    OV7725_Contrast                          0x080051fd   Thumb Code    22  ov7725.o(i.OV7725_Contrast)
    OV7725_Init                              0x08005215   Thumb Code   296  ov7725.o(i.OV7725_Init)
    OV7725_Light_Mode                        0x08005371   Thumb Code   152  ov7725.o(i.OV7725_Light_Mode)
    OV7725_Special_Effects                   0x08005409   Thumb Code   138  ov7725.o(i.OV7725_Special_Effects)
    OV7725_Window_Set                        0x08005493   Thumb Code   326  ov7725.o(i.OV7725_Window_Set)
    OV7725_camera_refresh                    0x080055d9   Thumb Code   224  control.o(i.OV7725_camera_refresh)
    Ov7725_7670_Choose_Init                  0x080056d5   Thumb Code   264  control.o(i.Ov7725_7670_Choose_Init)
    PID_LR_figure_Phoenix                    0x08005849   Thumb Code    76  control.o(i.PID_LR_figure_Phoenix)
    PID_UD_figure_Phoenix                    0x0800589d   Thumb Code    76  control.o(i.PID_UD_figure_Phoenix)
    PWM_TEST                                 0x080058f1   Thumb Code    86  control.o(i.PWM_TEST)
    PWM_abs                                  0x0800594d   Thumb Code    12  pid.o(i.PWM_abs)
    PendSV_Handler                           0x08005959   Thumb Code     2  stm32f10x_it.o(i.PendSV_Handler)
    Phoenix_TIM3_CH12_PA67_PWM1_UP_HIGH_Init 0x0800595d   Thumb Code   166  timer.o(i.Phoenix_TIM3_CH12_PA67_PWM1_UP_HIGH_Init)
    Position_PID                             0x08005a0d   Thumb Code   102  pid.o(i.Position_PID)
    RCC_AHBPeriphClockCmd                    0x08005a7d   Thumb Code    18  stm32f10x_rcc.o(i.RCC_AHBPeriphClockCmd)
    RCC_APB1PeriphClockCmd                   0x08005a95   Thumb Code    18  stm32f10x_rcc.o(i.RCC_APB1PeriphClockCmd)
    RCC_APB2PeriphClockCmd                   0x08005aad   Thumb Code    18  stm32f10x_rcc.o(i.RCC_APB2PeriphClockCmd)
    RCC_GetClocksFreq                        0x08005ac5   Thumb Code   132  stm32f10x_rcc.o(i.RCC_GetClocksFreq)
    RGB2HSL                                  0x08005b59   Thumb Code   218  color.o(i.RGB2HSL)
    ReadColor                                0x08005c33   Thumb Code    30  color.o(i.ReadColor)
    SCCB_Init                                0x08005c51   Thumb Code    98  sccb.o(i.SCCB_Init)
    SCCB_No_Ack                              0x08005cbd   Thumb Code    58  sccb.o(i.SCCB_No_Ack)
    SCCB_RD_Byte                             0x08005d01   Thumb Code   102  sccb.o(i.SCCB_RD_Byte)
    SCCB_RD_Reg                              0x08005d75   Thumb Code    76  sccb.o(i.SCCB_RD_Reg)
    SCCB_Start                               0x08005dc1   Thumb Code    44  sccb.o(i.SCCB_Start)
    SCCB_Stop                                0x08005df5   Thumb Code    46  sccb.o(i.SCCB_Stop)
    SCCB_WR_Byte                             0x08005e2d   Thumb Code   130  sccb.o(i.SCCB_WR_Byte)
    SCCB_WR_Reg                              0x08005ebd   Thumb Code    62  sccb.o(i.SCCB_WR_Reg)
    SVC_Handler                              0x08005efb   Thumb Code     2  stm32f10x_it.o(i.SVC_Handler)
    SearchCenter                             0x08005efd   Thumb Code   178  color.o(i.SearchCenter)
    Show_LCD_Phoenix                         0x08006059   Thumb Code   420  show.o(i.Show_LCD_Phoenix)
    SysTick_CLKSourceConfig                  0x08006219   Thumb Code    24  misc.o(i.SysTick_CLKSourceConfig)
    SysTick_Handler                          0x08006231   Thumb Code     2  stm32f10x_it.o(i.SysTick_Handler)
    SystemInit                               0x08006235   Thumb Code    64  system_stm32f10x.o(i.SystemInit)
    TIM3_IRQHandler                          0x0800636d   Thumb Code    44  timer.o(i.TIM3_IRQHandler)
    TIM4_IRQHandler                          0x080063a1   Thumb Code    50  usmart.o(i.TIM4_IRQHandler)
    TIM5_CH2_Cap_Init                        0x080063dd   Thumb Code   120  tpad.o(i.TIM5_CH2_Cap_Init)
    TIM5_IRQHandler                          0x0800645d   Thumb Code   128  timer.o(i.TIM5_IRQHandler)
    TIM6_IRQHandler                          0x080064e5   Thumb Code    40  timer.o(i.TIM6_IRQHandler)
    TIM6_Int_Init                            0x08006525   Thumb Code    90  timer.o(i.TIM6_Int_Init)
    TIM_ARRPreloadConfig                     0x08006585   Thumb Code    20  stm32f10x_tim.o(i.TIM_ARRPreloadConfig)
    TIM_ClearFlag                            0x08006599   Thumb Code     6  stm32f10x_tim.o(i.TIM_ClearFlag)
    TIM_ClearITPendingBit                    0x0800659f   Thumb Code     6  stm32f10x_tim.o(i.TIM_ClearITPendingBit)
    TIM_Cmd                                  0x080065a5   Thumb Code    20  stm32f10x_tim.o(i.TIM_Cmd)
    TIM_GetCapture1                          0x080065b9   Thumb Code     4  stm32f10x_tim.o(i.TIM_GetCapture1)
    TIM_GetCapture2                          0x080065bd   Thumb Code     4  stm32f10x_tim.o(i.TIM_GetCapture2)
    TIM_GetCounter                           0x080065c1   Thumb Code     4  stm32f10x_tim.o(i.TIM_GetCounter)
    TIM_GetFlagStatus                        0x080065c5   Thumb Code    14  stm32f10x_tim.o(i.TIM_GetFlagStatus)
    TIM_GetITStatus                          0x080065d3   Thumb Code    24  stm32f10x_tim.o(i.TIM_GetITStatus)
    TIM_ICInit                               0x080065ed   Thumb Code   278  stm32f10x_tim.o(i.TIM_ICInit)
    TIM_ITConfig                             0x08006719   Thumb Code    16  stm32f10x_tim.o(i.TIM_ITConfig)
    TIM_OC1Init                              0x08006729   Thumb Code   106  stm32f10x_tim.o(i.TIM_OC1Init)
    TIM_OC1PolarityConfig                    0x080067a9   Thumb Code    12  stm32f10x_tim.o(i.TIM_OC1PolarityConfig)
    TIM_OC1PreloadConfig                     0x080067b5   Thumb Code    12  stm32f10x_tim.o(i.TIM_OC1PreloadConfig)
    TIM_OC2Init                              0x080067c1   Thumb Code   120  stm32f10x_tim.o(i.TIM_OC2Init)
    TIM_OC2PreloadConfig                     0x08006841   Thumb Code    20  stm32f10x_tim.o(i.TIM_OC2PreloadConfig)
    TIM_SetAutoreload                        0x08006855   Thumb Code     4  stm32f10x_tim.o(i.TIM_SetAutoreload)
    TIM_SetCompare1                          0x08006859   Thumb Code     4  stm32f10x_tim.o(i.TIM_SetCompare1)
    TIM_SetCompare2                          0x0800685d   Thumb Code     4  stm32f10x_tim.o(i.TIM_SetCompare2)
    TIM_SetCounter                           0x08006861   Thumb Code     4  stm32f10x_tim.o(i.TIM_SetCounter)
    TIM_SetIC1Prescaler                      0x08006865   Thumb Code    16  stm32f10x_tim.o(i.TIM_SetIC1Prescaler)
    TIM_SetIC2Prescaler                      0x08006875   Thumb Code    24  stm32f10x_tim.o(i.TIM_SetIC2Prescaler)
    TIM_SetIC3Prescaler                      0x0800688d   Thumb Code    16  stm32f10x_tim.o(i.TIM_SetIC3Prescaler)
    TIM_SetIC4Prescaler                      0x0800689d   Thumb Code    24  stm32f10x_tim.o(i.TIM_SetIC4Prescaler)
    TIM_TimeBaseInit                         0x080068b5   Thumb Code   114  stm32f10x_tim.o(i.TIM_TimeBaseInit)
    TPAD_Get_Val                             0x08006951   Thumb Code    54  tpad.o(i.TPAD_Get_Val)
    TPAD_Init                                0x0800698d   Thumb Code   140  tpad.o(i.TPAD_Init)
    TPAD_Reset                               0x08006a35   Thumb Code    86  tpad.o(i.TPAD_Reset)
    Timer4_Init                              0x08006a95   Thumb Code    90  usmart.o(i.Timer4_Init)
    Trace                                    0x08006af5   Thumb Code   182  color.o(i.Trace)
    USART1_IRQHandler                        0x08006bb1   Thumb Code    88  usart.o(i.USART1_IRQHandler)
    USART_Cmd                                0x08006c15   Thumb Code    20  stm32f10x_usart.o(i.USART_Cmd)
    USART_GetITStatus                        0x08006c29   Thumb Code    62  stm32f10x_usart.o(i.USART_GetITStatus)
    USART_ITConfig                           0x08006c67   Thumb Code    48  stm32f10x_usart.o(i.USART_ITConfig)
    USART_Init                               0x08006c99   Thumb Code   166  stm32f10x_usart.o(i.USART_Init)
    USART_ReceiveData                        0x08006d45   Thumb Code     8  stm32f10x_usart.o(i.USART_ReceiveData)
    Upper_Computer_Phoenix                   0x08006d4d   Thumb Code    80  show.o(i.Upper_Computer_Phoenix)
    UsageFault_Handler                       0x08006dad   Thumb Code     2  stm32f10x_it.o(i.UsageFault_Handler)
    Xianfu_Pwm                               0x08006daf   Thumb Code    26  pid.o(i.Xianfu_Pwm)
    _is_digit                                0x08006dc9   Thumb Code    14  __printf_wp.o(i._is_digit)
    _sys_exit                                0x08006dd7   Thumb Code     2  usart.o(i._sys_exit)
    color_Value                              0x08006dd9   Thumb Code   214  control.o(i.color_Value)
    delay_init                               0x08006eb9   Thumb Code    46  delay.o(i.delay_init)
    delay_ms                                 0x08006ef5   Thumb Code    46  delay.o(i.delay_ms)
    delay_us                                 0x08006f29   Thumb Code    46  delay.o(i.delay_us)
    fputc                                    0x08006f5d   Thumb Code    18  usart.o(i.fputc)
    main                                     0x08006f75   Thumb Code   250  main.o(i.main)
    read_addr                                0x080070a5   Thumb Code     4  usmart.o(i.read_addr)
    uart_init                                0x080070a9   Thumb Code   152  usart.o(i.uart_init)
    usmart_cmd_rec                           0x08007149   Thumb Code   144  usmart.o(i.usmart_cmd_rec)
    usmart_exe                               0x080071dd   Thumb Code   510  usmart.o(i.usmart_exe)
    usmart_get_aparm                         0x0800743d   Thumb Code   156  usmart_str.o(i.usmart_get_aparm)
    usmart_get_cmdname                       0x080074d9   Thumb Code    46  usmart_str.o(i.usmart_get_cmdname)
    usmart_get_fname                         0x08007509   Thumb Code   352  usmart_str.o(i.usmart_get_fname)
    usmart_get_fparam                        0x08007671   Thumb Code   202  usmart_str.o(i.usmart_get_fparam)
    usmart_get_parmpos                       0x08007741   Thumb Code    30  usmart_str.o(i.usmart_get_parmpos)
    usmart_get_runtime                       0x08007765   Thumb Code    48  usmart.o(i.usmart_get_runtime)
    usmart_init                              0x0800779d   Thumb Code    36  usmart.o(i.usmart_init)
    usmart_pow                               0x080077c5   Thumb Code    16  usmart_str.o(i.usmart_pow)
    usmart_reset_runtime                     0x080077d5   Thumb Code    40  usmart.o(i.usmart_reset_runtime)
    usmart_scan                              0x08007805   Thumb Code    94  usmart.o(i.usmart_scan)
    usmart_search_nextc                      0x080078a9   Thumb Code    16  usmart_str.o(i.usmart_search_nextc)
    usmart_str2num                           0x080078b9   Thumb Code   160  usmart_str.o(i.usmart_str2num)
    usmart_strcmp                            0x08007959   Thumb Code    24  usmart_str.o(i.usmart_strcmp)
    usmart_strcopy                           0x08007971   Thumb Code    18  usmart_str.o(i.usmart_strcopy)
    usmart_strlen                            0x08007983   Thumb Code    18  usmart_str.o(i.usmart_strlen)
    usmart_sys_cmd_exe                       0x08007995   Thumb Code  1442  usmart.o(i.usmart_sys_cmd_exe)
    write_addr                               0x08008005   Thumb Code     4  usmart.o(i.write_addr)
    __aeabi_d2f                              0x08008009   Thumb Code     0  d2f.o(x$fpl$d2f)
    _d2f                                     0x08008009   Thumb Code    98  d2f.o(x$fpl$d2f)
    __aeabi_dadd                             0x0800806d   Thumb Code     0  daddsub_clz.o(x$fpl$dadd)
    _dadd                                    0x0800806d   Thumb Code   332  daddsub_clz.o(x$fpl$dadd)
    __aeabi_d2uiz                            0x080081bd   Thumb Code     0  dfixu.o(x$fpl$dfixu)
    _dfixu                                   0x080081bd   Thumb Code    90  dfixu.o(x$fpl$dfixu)
    __aeabi_ui2d                             0x08008217   Thumb Code     0  dflt_clz.o(x$fpl$dfltu)
    _dfltu                                   0x08008217   Thumb Code    38  dflt_clz.o(x$fpl$dfltu)
    __aeabi_dmul                             0x0800823d   Thumb Code     0  dmul.o(x$fpl$dmul)
    _dmul                                    0x0800823d   Thumb Code   332  dmul.o(x$fpl$dmul)
    __fpl_dnaninf                            0x08008391   Thumb Code   156  dnaninf.o(x$fpl$dnaninf)
    __fpl_dretinf                            0x0800842d   Thumb Code    12  dretinf.o(x$fpl$dretinf)
    __aeabi_dsub                             0x08008439   Thumb Code     0  daddsub_clz.o(x$fpl$dsub)
    _dsub                                    0x08008439   Thumb Code   464  daddsub_clz.o(x$fpl$dsub)
    __aeabi_f2d                              0x0800860d   Thumb Code     0  f2d.o(x$fpl$f2d)
    _f2d                                     0x0800860d   Thumb Code    86  f2d.o(x$fpl$f2d)
    __aeabi_fadd                             0x08008665   Thumb Code     0  faddsub_clz.o(x$fpl$fadd)
    _fadd                                    0x08008665   Thumb Code   196  faddsub_clz.o(x$fpl$fadd)
    __aeabi_f2iz                             0x08008729   Thumb Code     0  ffix.o(x$fpl$ffix)
    _ffix                                    0x08008729   Thumb Code    54  ffix.o(x$fpl$ffix)
    __aeabi_f2uiz                            0x08008761   Thumb Code     0  ffixu.o(x$fpl$ffixu)
    _ffixu                                   0x08008761   Thumb Code    62  ffixu.o(x$fpl$ffixu)
    __aeabi_i2f                              0x080087a1   Thumb Code     0  fflt_clz.o(x$fpl$fflt)
    _fflt                                    0x080087a1   Thumb Code    48  fflt_clz.o(x$fpl$fflt)
    __aeabi_fmul                             0x080087d1   Thumb Code     0  fmul.o(x$fpl$fmul)
    _fmul                                    0x080087d1   Thumb Code   258  fmul.o(x$fpl$fmul)
    __fpl_fnaninf                            0x080088d3   Thumb Code   140  fnaninf.o(x$fpl$fnaninf)
    __fpl_fretinf                            0x0800895f   Thumb Code    10  fretinf.o(x$fpl$fretinf)
    __aeabi_fsub                             0x08008969   Thumb Code     0  faddsub_clz.o(x$fpl$fsub)
    _fsub                                    0x08008969   Thumb Code   234  faddsub_clz.o(x$fpl$fsub)
    __I$use$fp                               0x08008a52   Number         0  usenofp.o(x$fpl$usenofp)
    asc2_1206                                0x08008a52   Data        1140  lcd.o(.constdata)
    asc2_1608                                0x08008ec6   Data        1520  lcd.o(.constdata)
    asc2_2412                                0x080094b6   Data        3420  lcd.o(.constdata)
    ov7670_init_reg_tbl                      0x0800a212   Data         336  ov7670.o(.constdata)
    ov7725_init_reg_tb1                      0x0800a362   Data         130  ov7725.o(.constdata)
    Region$$Table$$Base                      0x0800a560   Number         0  anon$$obj.o(Region$$Table)
    Region$$Table$$Limit                     0x0800a580   Number         0  anon$$obj.o(Region$$Table)
    sensor                                   0x20000000   Data           1  main.o(.data)
    d_z                                      0x20000001   Data           1  main.o(.data)
    d_shi                                    0x20000002   Data           1  main.o(.data)
    d_ge                                     0x20000003   Data           1  main.o(.data)
    SystemCoreClock                          0x20000004   Data           4  system_stm32f10x.o(.data)
    AHBPrescTable                            0x20000008   Data          16  system_stm32f10x.o(.data)
    POINT_COLOR                              0x2000001a   Data           2  lcd.o(.data)
    BACK_COLOR                               0x2000001c   Data           2  lcd.o(.data)
    tpad_default_val                         0x20000020   Data           2  tpad.o(.data)
    ov_sta                                   0x20000022   Data           1  exti.o(.data)
    TIM5CH1_CAPTURE_STA                      0x20000024   Data           1  timer.o(.data)
    ov_frame                                 0x20000025   Data           1  timer.o(.data)
    TIM5CH1_CAPTURE_VAL                      0x20000026   Data           2  timer.o(.data)
    i_uc                                     0x20000048   Data           1  show.o(.data)
    Send_Count                               0x20000049   Data           1  show.o(.data)
    USART_RX_STA                             0x2000004e   Data           2  usart.o(.data)
    __stdout                                 0x20000050   Data           4  usart.o(.data)
    sys_cmd_tab                              0x20000068   Data          28  usmart.o(.data)
    usmart_nametab                           0x20000084   Data          64  usmart_config.o(.data)
    usmart_dev                               0x200000c4   Data         244  usmart_config.o(.data)
    global_page                              0x200001b8   Data           1  color.o(.data)
    condition                                0x200001ba   Data          16  color.o(.data)
    area                                     0x200001ce   Data           8  color.o(.data)
    result                                   0x200001d6   Data           8  color.o(.data)
    PID                                      0x200001e0   Data          68  main.o(.bss)
    lcddev                                   0x20000224   Data          14  lcd.o(.bss)
    DataScope_OutPut_Buffer                  0x20000232   Data          42  upper_computer.o(.bss)
    USART_RX_BUF                             0x2000025c   Data         200  usart.o(.bss)
    __libspace_start                         0x20000324   Data          96  libspace.o(.bss)
    __temporary_stack_top$libspace           0x20000384   Data           0  libspace.o(.bss)



==============================================================================

Memory Map of the image

  Image Entry point : 0x08000131

  Load Region LR_IROM1 (Base: 0x08000000, Size: 0x0000a760, Max: 0x00080000, ABSOLUTE, COMPRESSED[0x0000a61c])

    Execution Region ER_IROM1 (Exec base: 0x08000000, Load base: 0x08000000, Size: 0x0000a580, Max: 0x00080000, ABSOLUTE)

    Exec Addr    Load Addr    Size         Type   Attr      Idx    E Section Name        Object

    0x08000000   0x08000000   0x00000130   Data   RO         1091    RESET               startup_stm32f10x_hd.o
    0x08000130   0x08000130   0x00000008   Code   RO         2609  * !!!main             c_w.l(__main.o)
    0x08000138   0x08000138   0x00000034   Code   RO         2834    !!!scatter          c_w.l(__scatter.o)
    0x0800016c   0x0800016c   0x0000005a   Code   RO         2832    !!dczerorl2         c_w.l(__dczerorl2.o)
    0x080001c6   0x080001c6   0x00000002   PAD
    0x080001c8   0x080001c8   0x0000001c   Code   RO         2836    !!handler_zi        c_w.l(__scatter_zi.o)
    0x080001e4   0x080001e4   0x00000000   Code   RO         2606    .ARM.Collect$$_printf_percent$$00000000  c_w.l(_printf_percent.o)
    0x080001e4   0x080001e4   0x00000006   Code   RO         2604    .ARM.Collect$$_printf_percent$$00000009  c_w.l(_printf_d.o)
    0x080001ea   0x080001ea   0x00000006   Code   RO         2605    .ARM.Collect$$_printf_percent$$0000000A  c_w.l(_printf_u.o)
    0x080001f0   0x080001f0   0x00000006   Code   RO         2603    .ARM.Collect$$_printf_percent$$0000000C  c_w.l(_printf_x.o)
    0x080001f6   0x080001f6   0x00000006   Code   RO         2601    .ARM.Collect$$_printf_percent$$00000013  c_w.l(_printf_c.o)
    0x080001fc   0x080001fc   0x00000006   Code   RO         2602    .ARM.Collect$$_printf_percent$$00000014  c_w.l(_printf_s.o)
    0x08000202   0x08000202   0x00000004   Code   RO         2664    .ARM.Collect$$_printf_percent$$00000017  c_w.l(_printf_percent_end.o)
    0x08000206   0x08000206   0x00000002   Code   RO         2706    .ARM.Collect$$libinit$$00000000  c_w.l(libinit.o)
    0x08000208   0x08000208   0x00000000   Code   RO         2713    .ARM.Collect$$libinit$$00000002  c_w.l(libinit2.o)
    0x08000208   0x08000208   0x00000000   Code   RO         2715    .ARM.Collect$$libinit$$00000004  c_w.l(libinit2.o)
    0x08000208   0x08000208   0x00000000   Code   RO         2718    .ARM.Collect$$libinit$$0000000A  c_w.l(libinit2.o)
    0x08000208   0x08000208   0x00000000   Code   RO         2720    .ARM.Collect$$libinit$$0000000C  c_w.l(libinit2.o)
    0x08000208   0x08000208   0x00000000   Code   RO         2722    .ARM.Collect$$libinit$$0000000E  c_w.l(libinit2.o)
    0x08000208   0x08000208   0x00000000   Code   RO         2725    .ARM.Collect$$libinit$$00000011  c_w.l(libinit2.o)
    0x08000208   0x08000208   0x00000000   Code   RO         2727    .ARM.Collect$$libinit$$00000013  c_w.l(libinit2.o)
    0x08000208   0x08000208   0x00000000   Code   RO         2729    .ARM.Collect$$libinit$$00000015  c_w.l(libinit2.o)
    0x08000208   0x08000208   0x00000000   Code   RO         2731    .ARM.Collect$$libinit$$00000017  c_w.l(libinit2.o)
    0x08000208   0x08000208   0x00000000   Code   RO         2733    .ARM.Collect$$libinit$$00000019  c_w.l(libinit2.o)
    0x08000208   0x08000208   0x00000000   Code   RO         2735    .ARM.Collect$$libinit$$0000001B  c_w.l(libinit2.o)
    0x08000208   0x08000208   0x00000000   Code   RO         2737    .ARM.Collect$$libinit$$0000001D  c_w.l(libinit2.o)
    0x08000208   0x08000208   0x00000000   Code   RO         2739    .ARM.Collect$$libinit$$0000001F  c_w.l(libinit2.o)
    0x08000208   0x08000208   0x00000000   Code   RO         2741    .ARM.Collect$$libinit$$00000021  c_w.l(libinit2.o)
    0x08000208   0x08000208   0x00000000   Code   RO         2743    .ARM.Collect$$libinit$$00000023  c_w.l(libinit2.o)
    0x08000208   0x08000208   0x00000000   Code   RO         2745    .ARM.Collect$$libinit$$00000025  c_w.l(libinit2.o)
    0x08000208   0x08000208   0x00000000   Code   RO         2749    .ARM.Collect$$libinit$$0000002C  c_w.l(libinit2.o)
    0x08000208   0x08000208   0x00000000   Code   RO         2751    .ARM.Collect$$libinit$$0000002E  c_w.l(libinit2.o)
    0x08000208   0x08000208   0x00000000   Code   RO         2753    .ARM.Collect$$libinit$$00000030  c_w.l(libinit2.o)
    0x08000208   0x08000208   0x00000000   Code   RO         2755    .ARM.Collect$$libinit$$00000032  c_w.l(libinit2.o)
    0x08000208   0x08000208   0x00000002   Code   RO         2756    .ARM.Collect$$libinit$$00000033  c_w.l(libinit2.o)
    0x0800020a   0x0800020a   0x00000002   Code   RO         2774    .ARM.Collect$$libshutdown$$00000000  c_w.l(libshutdown.o)
    0x0800020c   0x0800020c   0x00000000   Code   RO         2784    .ARM.Collect$$libshutdown$$00000002  c_w.l(libshutdown2.o)
    0x0800020c   0x0800020c   0x00000000   Code   RO         2786    .ARM.Collect$$libshutdown$$00000004  c_w.l(libshutdown2.o)
    0x0800020c   0x0800020c   0x00000000   Code   RO         2789    .ARM.Collect$$libshutdown$$00000007  c_w.l(libshutdown2.o)
    0x0800020c   0x0800020c   0x00000000   Code   RO         2792    .ARM.Collect$$libshutdown$$0000000A  c_w.l(libshutdown2.o)
    0x0800020c   0x0800020c   0x00000000   Code   RO         2794    .ARM.Collect$$libshutdown$$0000000C  c_w.l(libshutdown2.o)
    0x0800020c   0x0800020c   0x00000000   Code   RO         2797    .ARM.Collect$$libshutdown$$0000000F  c_w.l(libshutdown2.o)
    0x0800020c   0x0800020c   0x00000002   Code   RO         2798    .ARM.Collect$$libshutdown$$00000010  c_w.l(libshutdown2.o)
    0x0800020e   0x0800020e   0x00000000   Code   RO         2657    .ARM.Collect$$rtentry$$00000000  c_w.l(__rtentry.o)
    0x0800020e   0x0800020e   0x00000000   Code   RO         2675    .ARM.Collect$$rtentry$$00000002  c_w.l(__rtentry2.o)
    0x0800020e   0x0800020e   0x00000006   Code   RO         2687    .ARM.Collect$$rtentry$$00000004  c_w.l(__rtentry4.o)
    0x08000214   0x08000214   0x00000000   Code   RO         2677    .ARM.Collect$$rtentry$$00000009  c_w.l(__rtentry2.o)
    0x08000214   0x08000214   0x00000004   Code   RO         2678    .ARM.Collect$$rtentry$$0000000A  c_w.l(__rtentry2.o)
    0x08000218   0x08000218   0x00000000   Code   RO         2680    .ARM.Collect$$rtentry$$0000000C  c_w.l(__rtentry2.o)
    0x08000218   0x08000218   0x00000008   Code   RO         2681    .ARM.Collect$$rtentry$$0000000D  c_w.l(__rtentry2.o)
    0x08000220   0x08000220   0x00000002   Code   RO         2710    .ARM.Collect$$rtexit$$00000000  c_w.l(rtexit.o)
    0x08000222   0x08000222   0x00000000   Code   RO         2758    .ARM.Collect$$rtexit$$00000002  c_w.l(rtexit2.o)
    0x08000222   0x08000222   0x00000004   Code   RO         2759    .ARM.Collect$$rtexit$$00000003  c_w.l(rtexit2.o)
    0x08000226   0x08000226   0x00000006   Code   RO         2760    .ARM.Collect$$rtexit$$00000004  c_w.l(rtexit2.o)
    0x0800022c   0x0800022c   0x0000003c   Code   RO         1092    .text               startup_stm32f10x_hd.o
    0x08000268   0x08000268   0x00000002   Code   RO         2546    .text               c_w.l(use_no_semi_2.o)
    0x0800026a   0x0800026a   0x00000002   PAD
    0x0800026c   0x0800026c   0x00000018   Code   RO         2550    .text               c_w.l(noretval__2printf.o)
    0x08000284   0x08000284   0x0000004e   Code   RO         2554    .text               c_w.l(_printf_pad.o)
    0x080002d2   0x080002d2   0x00000052   Code   RO         2556    .text               c_w.l(_printf_str.o)
    0x08000324   0x08000324   0x00000078   Code   RO         2558    .text               c_w.l(_printf_dec.o)
    0x0800039c   0x0800039c   0x00000058   Code   RO         2563    .text               c_w.l(_printf_hex_int.o)
    0x080003f4   0x080003f4   0x00000188   Code   RO         2598    .text               c_w.l(__printf_flags_ss_wp.o)
    0x0800057c   0x0800057c   0x00000006   Code   RO         2607    .text               c_w.l(heapauxi.o)
    0x08000582   0x08000582   0x00000002   Code   RO         2655    .text               c_w.l(use_no_semi.o)
    0x08000584   0x08000584   0x000000b2   Code   RO         2658    .text               c_w.l(_printf_intcommon.o)
    0x08000636   0x08000636   0x0000002c   Code   RO         2660    .text               c_w.l(_printf_char.o)
    0x08000662   0x08000662   0x00000002   PAD
    0x08000664   0x08000664   0x00000024   Code   RO         2662    .text               c_w.l(_printf_char_file.o)
    0x08000688   0x08000688   0x00000030   Code   RO         2689    .text               c_w.l(_printf_char_common.o)
    0x080006b8   0x080006b8   0x00000008   Code   RO         2691    .text               c_w.l(ferror.o)
    0x080006c0   0x080006c0   0x0000004a   Code   RO         2695    .text               c_w.l(sys_stackheap_outer.o)
    0x0800070a   0x0800070a   0x00000012   Code   RO         2699    .text               c_w.l(exit.o)
    0x0800071c   0x0800071c   0x00000008   Code   RO         2707    .text               c_w.l(libspace.o)
    0x08000724   0x08000724   0x00000002   Code   RO          139    i.BusFault_Handler  stm32f10x_it.o
    0x08000726   0x08000726   0x00000056   Code   RO         2493    i.ColorMatch        color.o
    0x0800077c   0x0800077c   0x000001bc   Code   RO          867    i.Color_Capture_Reconfigure  control.o
    0x08000938   0x08000938   0x00000030   Code   RO          868    i.Constant_Init     control.o
    0x08000968   0x08000968   0x00000136   Code   RO         2494    i.Corrode           color.o
    0x08000a9e   0x08000a9e   0x00000002   PAD
    0x08000aa0   0x08000aa0   0x00000080   Code   RO          952    i.DataScope_Data_Generate  upper_computer.o
    0x08000b20   0x08000b20   0x00000054   Code   RO          953    i.DataScope_Get_Channel_Data  upper_computer.o
    0x08000b74   0x08000b74   0x00000002   Code   RO          140    i.DebugMon_Handler  stm32f10x_it.o
    0x08000b76   0x08000b76   0x00000028   Code   RO          869    i.Draw_Sign_Cross   control.o
    0x08000b9e   0x08000b9e   0x00000002   PAD
    0x08000ba0   0x08000ba0   0x00000038   Code   RO          528    i.EXTI0_IRQHandler  exti.o
    0x08000bd8   0x08000bd8   0x00000038   Code   RO          529    i.EXTI2_IRQHandler  exti.o
    0x08000c10   0x08000c10   0x00000038   Code   RO          530    i.EXTI3_IRQHandler  exti.o
    0x08000c48   0x08000c48   0x00000038   Code   RO          531    i.EXTI4_IRQHandler  exti.o
    0x08000c80   0x08000c80   0x00000042   Code   RO          532    i.EXTI8_Init        exti.o
    0x08000cc2   0x08000cc2   0x00000002   PAD
    0x08000cc4   0x08000cc4   0x00000048   Code   RO          533    i.EXTI9_5_IRQHandler  exti.o
    0x08000d0c   0x08000d0c   0x0000000c   Code   RO         1747    i.EXTI_ClearITPendingBit  stm32f10x_exti.o
    0x08000d18   0x08000d18   0x00000020   Code   RO         1751    i.EXTI_GetITStatus  stm32f10x_exti.o
    0x08000d38   0x08000d38   0x00000070   Code   RO         1752    i.EXTI_Init         stm32f10x_exti.o
    0x08000da8   0x08000da8   0x00000020   Code   RO         1143    i.FSMC_NORSRAMCmd   stm32f10x_fsmc.o
    0x08000dc8   0x08000dc8   0x000000c8   Code   RO         1145    i.FSMC_NORSRAMInit  stm32f10x_fsmc.o
    0x08000e90   0x08000e90   0x000000d8   Code   RO          870    i.Feature_Recognize_Start_Phoenix  control.o
    0x08000f68   0x08000f68   0x00000014   Code   RO          954    i.Float2Byte        upper_computer.o
    0x08000f7c   0x08000f7c   0x00000028   Code   RO         1255    i.GPIO_EXTILineConfig  stm32f10x_gpio.o
    0x08000fa4   0x08000fa4   0x0000009c   Code   RO         1258    i.GPIO_Init         stm32f10x_gpio.o
    0x08001040   0x08001040   0x00000058   Code   RO         1260    i.GPIO_PinRemapConfig  stm32f10x_gpio.o
    0x08001098   0x08001098   0x0000000e   Code   RO         1262    i.GPIO_ReadInputDataBit  stm32f10x_gpio.o
    0x080010a6   0x080010a6   0x00000004   Code   RO         1265    i.GPIO_ResetBits    stm32f10x_gpio.o
    0x080010aa   0x080010aa   0x00000004   Code   RO         1266    i.GPIO_SetBits      stm32f10x_gpio.o
    0x080010ae   0x080010ae   0x00000002   Code   RO          141    i.HardFault_Handler  stm32f10x_it.o
    0x080010b0   0x080010b0   0x0000003c   Code   RO          263    i.KEY_Init          key.o
    0x080010ec   0x080010ec   0x000000cc   Code   RO          264    i.KEY_Scan          key.o
    0x080011b8   0x080011b8   0x00000074   Code   RO          871    i.Key_Modify_Phoenix  control.o
    0x0800122c   0x0800122c   0x00000012   Code   RO          282    i.LCD_BGR2RGB       lcd.o
    0x0800123e   0x0800123e   0x00000002   PAD
    0x08001240   0x08001240   0x0000006c   Code   RO          283    i.LCD_Clear         lcd.o
    0x080012ac   0x080012ac   0x00000134   Code   RO          287    i.LCD_Display_Dir   lcd.o
    0x080013e0   0x080013e0   0x00000096   Code   RO          288    i.LCD_DrawLine      lcd.o
    0x08001476   0x08001476   0x00000002   PAD
    0x08001478   0x08001478   0x0000001c   Code   RO          289    i.LCD_DrawPoint     lcd.o
    0x08001494   0x08001494   0x00000038   Code   RO          290    i.LCD_DrawRectangle  lcd.o
    0x080014cc   0x080014cc   0x00000120   Code   RO          292    i.LCD_Fast_DrawPoint  lcd.o
    0x080015ec   0x080015ec   0x0000008c   Code   RO          293    i.LCD_Fill          lcd.o
    0x08001678   0x08001678   0x00002e30   Code   RO          294    i.LCD_Init          lcd.o
    0x080044a8   0x080044a8   0x00000010   Code   RO          295    i.LCD_Pow           lcd.o
    0x080044b8   0x080044b8   0x00000014   Code   RO          296    i.LCD_RD_DATA       lcd.o
    0x080044cc   0x080044cc   0x0000010c   Code   RO          297    i.LCD_ReadPoint     lcd.o
    0x080045d8   0x080045d8   0x00000018   Code   RO          298    i.LCD_ReadReg       lcd.o
    0x080045f0   0x080045f0   0x0000003c   Code   RO          299    i.LCD_SSD_BackLightSet  lcd.o
    0x0800462c   0x0800462c   0x000001a8   Code   RO          300    i.LCD_Scan_Dir      lcd.o
    0x080047d4   0x080047d4   0x00000148   Code   RO          301    i.LCD_SetCursor     lcd.o
    0x0800491c   0x0800491c   0x0000017c   Code   RO          302    i.LCD_Set_Window    lcd.o
    0x08004a98   0x08004a98   0x000000cc   Code   RO          303    i.LCD_ShowChar      lcd.o
    0x08004b64   0x08004b64   0x00000054   Code   RO          305    i.LCD_ShowString    lcd.o
    0x08004bb8   0x08004bb8   0x00000086   Code   RO          306    i.LCD_ShowxNum      lcd.o
    0x08004c3e   0x08004c3e   0x00000002   PAD
    0x08004c40   0x08004c40   0x00000014   Code   RO          310    i.LCD_WriteRAM_Prepare  lcd.o
    0x08004c54   0x08004c54   0x00000010   Code   RO          311    i.LCD_WriteReg      lcd.o
    0x08004c64   0x08004c64   0x00000050   Code   RO          251    i.LED_Init          led.o
    0x08004cb4   0x08004cb4   0x00000002   Code   RO          142    i.MemManage_Handler  stm32f10x_it.o
    0x08004cb6   0x08004cb6   0x00000002   Code   RO          143    i.NMI_Handler       stm32f10x_it.o
    0x08004cb8   0x08004cb8   0x00000064   Code   RO         1096    i.NVIC_Init         misc.o
    0x08004d1c   0x08004d1c   0x00000014   Code   RO         1097    i.NVIC_PriorityGroupConfig  misc.o
    0x08004d30   0x08004d30   0x00000026   Code   RO          702    i.OV7670_Brightness  ov7670.o
    0x08004d56   0x08004d56   0x00000072   Code   RO          703    i.OV7670_Color_Saturation  ov7670.o
    0x08004dc8   0x08004dc8   0x00000026   Code   RO          704    i.OV7670_Contrast   ov7670.o
    0x08004dee   0x08004dee   0x00000002   PAD
    0x08004df0   0x08004df0   0x00000110   Code   RO          705    i.OV7670_Init       ov7670.o
    0x08004f00   0x08004f00   0x0000007e   Code   RO          706    i.OV7670_Light_Mode  ov7670.o
    0x08004f7e   0x08004f7e   0x00000080   Code   RO          707    i.OV7670_Special_Effects  ov7670.o
    0x08004ffe   0x08004ffe   0x0000006e   Code   RO          708    i.OV7670_Window_Set  ov7670.o
    0x0800506c   0x0800506c   0x00000104   Code   RO          872    i.OV7670_camera_refresh  control.o
    0x08005170   0x08005170   0x0000001c   Code   RO          873    i.OV7725_7670_Camera_Refresh_Phoenix  control.o
    0x0800518c   0x0800518c   0x0000004e   Code   RO          756    i.OV7725_Brightness  ov7725.o
    0x080051da   0x080051da   0x00000022   Code   RO          757    i.OV7725_Color_Saturation  ov7725.o
    0x080051fc   0x080051fc   0x00000016   Code   RO          758    i.OV7725_Contrast   ov7725.o
    0x08005212   0x08005212   0x00000002   PAD
    0x08005214   0x08005214   0x0000015c   Code   RO          759    i.OV7725_Init       ov7725.o
    0x08005370   0x08005370   0x00000098   Code   RO          760    i.OV7725_Light_Mode  ov7725.o
    0x08005408   0x08005408   0x0000008a   Code   RO          761    i.OV7725_Special_Effects  ov7725.o
    0x08005492   0x08005492   0x00000146   Code   RO          762    i.OV7725_Window_Set  ov7725.o
    0x080055d8   0x080055d8   0x000000fc   Code   RO          874    i.OV7725_camera_refresh  control.o
    0x080056d4   0x080056d4   0x00000174   Code   RO          875    i.Ov7725_7670_Choose_Init  control.o
    0x08005848   0x08005848   0x00000054   Code   RO          876    i.PID_LR_figure_Phoenix  control.o
    0x0800589c   0x0800589c   0x00000054   Code   RO          877    i.PID_UD_figure_Phoenix  control.o
    0x080058f0   0x080058f0   0x0000005c   Code   RO          878    i.PWM_TEST          control.o
    0x0800594c   0x0800594c   0x0000000c   Code   RO          811    i.PWM_abs           pid.o
    0x08005958   0x08005958   0x00000002   Code   RO          144    i.PendSV_Handler    stm32f10x_it.o
    0x0800595a   0x0800595a   0x00000002   PAD
    0x0800595c   0x0800595c   0x000000b0   Code   RO          582    i.Phoenix_TIM3_CH12_PA67_PWM1_UP_HIGH_Init  timer.o
    0x08005a0c   0x08005a0c   0x00000070   Code   RO          812    i.Position_PID      pid.o
    0x08005a7c   0x08005a7c   0x00000018   Code   RO         1367    i.RCC_AHBPeriphClockCmd  stm32f10x_rcc.o
    0x08005a94   0x08005a94   0x00000018   Code   RO         1368    i.RCC_APB1PeriphClockCmd  stm32f10x_rcc.o
    0x08005aac   0x08005aac   0x00000018   Code   RO         1370    i.RCC_APB2PeriphClockCmd  stm32f10x_rcc.o
    0x08005ac4   0x08005ac4   0x00000094   Code   RO         1378    i.RCC_GetClocksFreq  stm32f10x_rcc.o
    0x08005b58   0x08005b58   0x000000da   Code   RO         2495    i.RGB2HSL           color.o
    0x08005c32   0x08005c32   0x0000001e   Code   RO         2496    i.ReadColor         color.o
    0x08005c50   0x08005c50   0x0000006c   Code   RO          646    i.SCCB_Init         sccb.o
    0x08005cbc   0x08005cbc   0x00000044   Code   RO          647    i.SCCB_No_Ack       sccb.o
    0x08005d00   0x08005d00   0x00000074   Code   RO          648    i.SCCB_RD_Byte      sccb.o
    0x08005d74   0x08005d74   0x0000004c   Code   RO          649    i.SCCB_RD_Reg       sccb.o
    0x08005dc0   0x08005dc0   0x00000034   Code   RO          650    i.SCCB_Start        sccb.o
    0x08005df4   0x08005df4   0x00000038   Code   RO          651    i.SCCB_Stop         sccb.o
    0x08005e2c   0x08005e2c   0x00000090   Code   RO          652    i.SCCB_WR_Byte      sccb.o
    0x08005ebc   0x08005ebc   0x0000003e   Code   RO          653    i.SCCB_WR_Reg       sccb.o
    0x08005efa   0x08005efa   0x00000002   Code   RO          145    i.SVC_Handler       stm32f10x_it.o
    0x08005efc   0x08005efc   0x000000b2   Code   RO         2497    i.SearchCenter      color.o
    0x08005fae   0x08005fae   0x00000002   PAD
    0x08005fb0   0x08005fb0   0x000000a8   Code   RO          222    i.SetSysClockTo72   system_stm32f10x.o
    0x08006058   0x08006058   0x000001c0   Code   RO          845    i.Show_LCD_Phoenix  show.o
    0x08006218   0x08006218   0x00000018   Code   RO         1100    i.SysTick_CLKSourceConfig  misc.o
    0x08006230   0x08006230   0x00000002   Code   RO          146    i.SysTick_Handler   stm32f10x_it.o
    0x08006232   0x08006232   0x00000002   PAD
    0x08006234   0x08006234   0x00000050   Code   RO          224    i.SystemInit        system_stm32f10x.o
    0x08006284   0x08006284   0x0000006c   Code   RO         1800    i.TI1_Config        stm32f10x_tim.o
    0x080062f0   0x080062f0   0x0000007c   Code   RO         1801    i.TI2_Config        stm32f10x_tim.o
    0x0800636c   0x0800636c   0x00000034   Code   RO          584    i.TIM3_IRQHandler   timer.o
    0x080063a0   0x080063a0   0x0000003c   Code   RO         2333    i.TIM4_IRQHandler   usmart.o
    0x080063dc   0x080063dc   0x00000080   Code   RO          476    i.TIM5_CH2_Cap_Init  tpad.o
    0x0800645c   0x0800645c   0x00000088   Code   RO          588    i.TIM5_IRQHandler   timer.o
    0x080064e4   0x080064e4   0x00000040   Code   RO          589    i.TIM6_IRQHandler   timer.o
    0x08006524   0x08006524   0x00000060   Code   RO          590    i.TIM6_Int_Init     timer.o
    0x08006584   0x08006584   0x00000014   Code   RO         1802    i.TIM_ARRPreloadConfig  stm32f10x_tim.o
    0x08006598   0x08006598   0x00000006   Code   RO         1808    i.TIM_ClearFlag     stm32f10x_tim.o
    0x0800659e   0x0800659e   0x00000006   Code   RO         1809    i.TIM_ClearITPendingBit  stm32f10x_tim.o
    0x080065a4   0x080065a4   0x00000014   Code   RO         1814    i.TIM_Cmd           stm32f10x_tim.o
    0x080065b8   0x080065b8   0x00000004   Code   RO         1829    i.TIM_GetCapture1   stm32f10x_tim.o
    0x080065bc   0x080065bc   0x00000004   Code   RO         1830    i.TIM_GetCapture2   stm32f10x_tim.o
    0x080065c0   0x080065c0   0x00000004   Code   RO         1833    i.TIM_GetCounter    stm32f10x_tim.o
    0x080065c4   0x080065c4   0x0000000e   Code   RO         1834    i.TIM_GetFlagStatus  stm32f10x_tim.o
    0x080065d2   0x080065d2   0x00000018   Code   RO         1835    i.TIM_GetITStatus   stm32f10x_tim.o
    0x080065ea   0x080065ea   0x00000002   PAD
    0x080065ec   0x080065ec   0x0000012c   Code   RO         1837    i.TIM_ICInit        stm32f10x_tim.o
    0x08006718   0x08006718   0x00000010   Code   RO         1839    i.TIM_ITConfig      stm32f10x_tim.o
    0x08006728   0x08006728   0x00000080   Code   RO         1843    i.TIM_OC1Init       stm32f10x_tim.o
    0x080067a8   0x080067a8   0x0000000c   Code   RO         1845    i.TIM_OC1PolarityConfig  stm32f10x_tim.o
    0x080067b4   0x080067b4   0x0000000c   Code   RO         1846    i.TIM_OC1PreloadConfig  stm32f10x_tim.o
    0x080067c0   0x080067c0   0x00000080   Code   RO         1848    i.TIM_OC2Init       stm32f10x_tim.o
    0x08006840   0x08006840   0x00000014   Code   RO         1851    i.TIM_OC2PreloadConfig  stm32f10x_tim.o
    0x08006854   0x08006854   0x00000004   Code   RO         1873    i.TIM_SetAutoreload  stm32f10x_tim.o
    0x08006858   0x08006858   0x00000004   Code   RO         1875    i.TIM_SetCompare1   stm32f10x_tim.o
    0x0800685c   0x0800685c   0x00000004   Code   RO         1876    i.TIM_SetCompare2   stm32f10x_tim.o
    0x08006860   0x08006860   0x00000004   Code   RO         1879    i.TIM_SetCounter    stm32f10x_tim.o
    0x08006864   0x08006864   0x00000010   Code   RO         1880    i.TIM_SetIC1Prescaler  stm32f10x_tim.o
    0x08006874   0x08006874   0x00000018   Code   RO         1881    i.TIM_SetIC2Prescaler  stm32f10x_tim.o
    0x0800688c   0x0800688c   0x00000010   Code   RO         1882    i.TIM_SetIC3Prescaler  stm32f10x_tim.o
    0x0800689c   0x0800689c   0x00000018   Code   RO         1883    i.TIM_SetIC4Prescaler  stm32f10x_tim.o
    0x080068b4   0x080068b4   0x0000009c   Code   RO         1885    i.TIM_TimeBaseInit  stm32f10x_tim.o
    0x08006950   0x08006950   0x0000003c   Code   RO          478    i.TPAD_Get_Val      tpad.o
    0x0800698c   0x0800698c   0x000000a8   Code   RO          479    i.TPAD_Init         tpad.o
    0x08006a34   0x08006a34   0x00000060   Code   RO          480    i.TPAD_Reset        tpad.o
    0x08006a94   0x08006a94   0x00000060   Code   RO         2334    i.Timer4_Init       usmart.o
    0x08006af4   0x08006af4   0x000000bc   Code   RO         2498    i.Trace             color.o
    0x08006bb0   0x08006bb0   0x00000064   Code   RO         1037    i.USART1_IRQHandler  usart.o
    0x08006c14   0x08006c14   0x00000014   Code   RO         1570    i.USART_Cmd         stm32f10x_usart.o
    0x08006c28   0x08006c28   0x0000003e   Code   RO         1574    i.USART_GetITStatus  stm32f10x_usart.o
    0x08006c66   0x08006c66   0x00000030   Code   RO         1576    i.USART_ITConfig    stm32f10x_usart.o
    0x08006c96   0x08006c96   0x00000002   PAD
    0x08006c98   0x08006c98   0x000000ac   Code   RO         1577    i.USART_Init        stm32f10x_usart.o
    0x08006d44   0x08006d44   0x00000008   Code   RO         1584    i.USART_ReceiveData  stm32f10x_usart.o
    0x08006d4c   0x08006d4c   0x00000060   Code   RO          846    i.Upper_Computer_Phoenix  show.o
    0x08006dac   0x08006dac   0x00000002   Code   RO          147    i.UsageFault_Handler  stm32f10x_it.o
    0x08006dae   0x08006dae   0x0000001a   Code   RO          813    i.Xianfu_Pwm        pid.o
    0x08006dc8   0x08006dc8   0x0000000e   Code   RO         2591    i._is_digit         c_w.l(__printf_wp.o)
    0x08006dd6   0x08006dd6   0x00000002   Code   RO         1038    i._sys_exit         usart.o
    0x08006dd8   0x08006dd8   0x000000e0   Code   RO          879    i.color_Value       control.o
    0x08006eb8   0x08006eb8   0x0000003c   Code   RO          982    i.delay_init        delay.o
    0x08006ef4   0x08006ef4   0x00000034   Code   RO          983    i.delay_ms          delay.o
    0x08006f28   0x08006f28   0x00000034   Code   RO          984    i.delay_us          delay.o
    0x08006f5c   0x08006f5c   0x00000018   Code   RO         1039    i.fputc             usart.o
    0x08006f74   0x08006f74   0x00000130   Code   RO            1    i.main              main.o
    0x080070a4   0x080070a4   0x00000004   Code   RO         2335    i.read_addr         usmart.o
    0x080070a8   0x080070a8   0x000000a0   Code   RO         1040    i.uart_init         usart.o
    0x08007148   0x08007148   0x00000094   Code   RO         2336    i.usmart_cmd_rec    usmart.o
    0x080071dc   0x080071dc   0x00000260   Code   RO         2337    i.usmart_exe        usmart.o
    0x0800743c   0x0800743c   0x0000009c   Code   RO         2426    i.usmart_get_aparm  usmart_str.o
    0x080074d8   0x080074d8   0x0000002e   Code   RO         2427    i.usmart_get_cmdname  usmart_str.o
    0x08007506   0x08007506   0x00000002   PAD
    0x08007508   0x08007508   0x00000168   Code   RO         2428    i.usmart_get_fname  usmart_str.o
    0x08007670   0x08007670   0x000000d0   Code   RO         2429    i.usmart_get_fparam  usmart_str.o
    0x08007740   0x08007740   0x00000024   Code   RO         2430    i.usmart_get_parmpos  usmart_str.o
    0x08007764   0x08007764   0x00000038   Code   RO         2338    i.usmart_get_runtime  usmart.o
    0x0800779c   0x0800779c   0x00000028   Code   RO         2339    i.usmart_init       usmart.o
    0x080077c4   0x080077c4   0x00000010   Code   RO         2431    i.usmart_pow        usmart_str.o
    0x080077d4   0x080077d4   0x00000030   Code   RO         2340    i.usmart_reset_runtime  usmart.o
    0x08007804   0x08007804   0x000000a4   Code   RO         2341    i.usmart_scan       usmart.o
    0x080078a8   0x080078a8   0x00000010   Code   RO         2432    i.usmart_search_nextc  usmart_str.o
    0x080078b8   0x080078b8   0x000000a0   Code   RO         2433    i.usmart_str2num    usmart_str.o
    0x08007958   0x08007958   0x00000018   Code   RO         2434    i.usmart_strcmp     usmart_str.o
    0x08007970   0x08007970   0x00000012   Code   RO         2435    i.usmart_strcopy    usmart_str.o
    0x08007982   0x08007982   0x00000012   Code   RO         2436    i.usmart_strlen     usmart_str.o
    0x08007994   0x08007994   0x00000670   Code   RO         2342    i.usmart_sys_cmd_exe  usmart.o
    0x08008004   0x08008004   0x00000004   Code   RO         2343    i.write_addr        usmart.o
    0x08008008   0x08008008   0x00000062   Code   RO         2611    x$fpl$d2f           fz_ws.l(d2f.o)
    0x0800806a   0x0800806a   0x00000002   PAD
    0x0800806c   0x0800806c   0x00000150   Code   RO         2613    x$fpl$dadd          fz_ws.l(daddsub_clz.o)
    0x080081bc   0x080081bc   0x0000005a   Code   RO         2619    x$fpl$dfixu         fz_ws.l(dfixu.o)
    0x08008216   0x08008216   0x00000026   Code   RO         2623    x$fpl$dfltu         fz_ws.l(dflt_clz.o)
    0x0800823c   0x0800823c   0x00000154   Code   RO         2629    x$fpl$dmul          fz_ws.l(dmul.o)
    0x08008390   0x08008390   0x0000009c   Code   RO         2665    x$fpl$dnaninf       fz_ws.l(dnaninf.o)
    0x0800842c   0x0800842c   0x0000000c   Code   RO         2667    x$fpl$dretinf       fz_ws.l(dretinf.o)
    0x08008438   0x08008438   0x000001d4   Code   RO         2615    x$fpl$dsub          fz_ws.l(daddsub_clz.o)
    0x0800860c   0x0800860c   0x00000056   Code   RO         2631    x$fpl$f2d           fz_ws.l(f2d.o)
    0x08008662   0x08008662   0x00000002   PAD
    0x08008664   0x08008664   0x000000c4   Code   RO         2633    x$fpl$fadd          fz_ws.l(faddsub_clz.o)
    0x08008728   0x08008728   0x00000036   Code   RO         2639    x$fpl$ffix          fz_ws.l(ffix.o)
    0x0800875e   0x0800875e   0x00000002   PAD
    0x08008760   0x08008760   0x0000003e   Code   RO         2643    x$fpl$ffixu         fz_ws.l(ffixu.o)
    0x0800879e   0x0800879e   0x00000002   PAD
    0x080087a0   0x080087a0   0x00000030   Code   RO         2648    x$fpl$fflt          fz_ws.l(fflt_clz.o)
    0x080087d0   0x080087d0   0x00000102   Code   RO         2653    x$fpl$fmul          fz_ws.l(fmul.o)
    0x080088d2   0x080088d2   0x0000008c   Code   RO         2669    x$fpl$fnaninf       fz_ws.l(fnaninf.o)
    0x0800895e   0x0800895e   0x0000000a   Code   RO         2671    x$fpl$fretinf       fz_ws.l(fretinf.o)
    0x08008968   0x08008968   0x000000ea   Code   RO         2635    x$fpl$fsub          fz_ws.l(faddsub_clz.o)
    0x08008a52   0x08008a52   0x00000000   Code   RO         2673    x$fpl$usenofp       fz_ws.l(usenofp.o)
    0x08008a52   0x08008a52   0x000017c0   Data   RO          314    .constdata          lcd.o
    0x0800a212   0x0800a212   0x00000150   Data   RO          709    .constdata          ov7670.o
    0x0800a362   0x0800a362   0x00000082   Data   RO          763    .constdata          ov7725.o
    0x0800a3e4   0x0800a3e4   0x00000028   Data   RO         2564    .constdata          c_w.l(_printf_hex_int.o)
    0x0800a40c   0x0800a40c   0x00000011   Data   RO         2599    .constdata          c_w.l(__printf_flags_ss_wp.o)
    0x0800a41d   0x0800a41d   0x00000003   PAD
    0x0800a420   0x0800a420   0x00000028   Data   RO         2344    .conststring        usmart.o
    0x0800a448   0x0800a448   0x00000117   Data   RO         2409    .conststring        usmart_config.o
    0x0800a55f   0x0800a55f   0x00000001   PAD
    0x0800a560   0x0800a560   0x00000020   Data   RO         2830    Region$$Table       anon$$obj.o


    Execution Region RW_IRAM1 (Exec base: 0x20000000, Load base: 0x0800a580, Size: 0x00000788, Max: 0x00010000, ABSOLUTE, COMPRESSED[0x0000009c])

    Exec Addr    Load Addr    Size         Type   Attr      Idx    E Section Name        Object

    0x20000000   COMPRESSED   0x00000001   Data   RW            3    .data               main.o
    0x20000001   COMPRESSED   0x00000001   Data   RW            4    .data               main.o
    0x20000002   COMPRESSED   0x00000001   Data   RW            5    .data               main.o
    0x20000003   COMPRESSED   0x00000001   Data   RW            6    .data               main.o
    0x20000004   COMPRESSED   0x00000014   Data   RW          225    .data               system_stm32f10x.o
    0x20000018   COMPRESSED   0x00000001   Data   RW          265    .data               key.o
    0x20000019   COMPRESSED   0x00000001   PAD
    0x2000001a   COMPRESSED   0x00000004   Data   RW          315    .data               lcd.o
    0x2000001e   COMPRESSED   0x00000004   Data   RW          482    .data               tpad.o
    0x20000022   COMPRESSED   0x00000001   Data   RW          535    .data               exti.o
    0x20000023   COMPRESSED   0x00000001   PAD
    0x20000024   COMPRESSED   0x00000004   Data   RW          592    .data               timer.o
    0x20000028   COMPRESSED   0x00000020   Data   RW          814    .data               pid.o
    0x20000048   COMPRESSED   0x00000002   Data   RW          847    .data               show.o
    0x2000004a   COMPRESSED   0x00000004   Data   RW          985    .data               delay.o
    0x2000004e   COMPRESSED   0x00000002   Data   RW         1042    .data               usart.o
    0x20000050   COMPRESSED   0x00000004   Data   RW         1043    .data               usart.o
    0x20000054   COMPRESSED   0x00000014   Data   RW         1398    .data               stm32f10x_rcc.o
    0x20000068   COMPRESSED   0x0000001c   Data   RW         2345    .data               usmart.o
    0x20000084   COMPRESSED   0x00000040   Data   RW         2410    .data               usmart_config.o
    0x200000c4   COMPRESSED   0x000000f4   Data   RW         2411    .data               usmart_config.o
    0x200001b8   COMPRESSED   0x00000001   Data   RW         2499    .data               color.o
    0x200001b9   COMPRESSED   0x00000001   PAD
    0x200001ba   COMPRESSED   0x00000010   Data   RW         2500    .data               color.o
    0x200001ca   COMPRESSED   0x0000000c   Data   RW         2501    .data               color.o
    0x200001d6   COMPRESSED   0x00000008   Data   RW         2502    .data               color.o
    0x200001de   COMPRESSED   0x00000002   PAD
    0x200001e0        -       0x00000044   Zero   RW            2    .bss                main.o
    0x20000224        -       0x0000000e   Zero   RW          313    .bss                lcd.o
    0x20000232        -       0x0000002a   Zero   RW          955    .bss                upper_computer.o
    0x2000025c        -       0x000000c8   Zero   RW         1041    .bss                usart.o
    0x20000324        -       0x00000060   Zero   RW         2708    .bss                c_w.l(libspace.o)
    0x20000384   COMPRESSED   0x00000004   PAD
    0x20000388        -       0x00000000   Zero   RW         1090    HEAP                startup_stm32f10x_hd.o
    0x20000388        -       0x00000400   Zero   RW         1089    STACK               startup_stm32f10x_hd.o


==============================================================================

Image component sizes


      Code (inc. data)   RO Data    RW Data    ZI Data      Debug   Object Name

      1010          6          0         37          0       6408   color.o
      2260        358          0          0          0       8325   control.o
       164         26          0          4          0       1783   delay.o
       362         50          0          1          0       3475   exti.o
       264         22          0          1          0       1274   key.o
     14898        200       6080          4         14      59843   lcd.o
        80         10          0          0          0        523   led.o
       304         54          0          4         68     266219   main.o
       144         16          0          0          0       2153   misc.o
       826         62        336          0          0       5301   ov7670.o
      1098         76        130          0          0       7565   ov7725.o
       150         10          0         32          0       2401   pid.o
       682         66          0          0          0       5079   sccb.o
       544         44          0          2          0       1514   show.o
        60         22        304          0       1024        804   startup_stm32f10x_hd.o
       156         14          0          0          0       2300   stm32f10x_exti.o
       232          6          0          0          0       1937   stm32f10x_fsmc.o
       306         12          0          0          0       5320   stm32f10x_gpio.o
        18          0          0          0          0       3838   stm32f10x_it.o
       220         34          0         20          0       5202   stm32f10x_rcc.o
      1202        136          0          0          0      18929   stm32f10x_tim.o
       310          6          0          0          0       5294   stm32f10x_usart.o
         0          0          0          0          0         32   sys.o
       248         24          0         20          0       1793   system_stm32f10x.o
       524         56          0          4          0       3577   timer.o
       452         52          0          4          0       3687   tpad.o
       232         34          0          0         42       3002   upper_computer.o
       286         26          0          6        200       4276   usart.o
      2876       1332         40         28          0       7938   usmart.o
         0          0        279        308          0       1732   usmart_config.o
      1058         20          0          0          0       9235   usmart_str.o

    ----------------------------------------------------------------------
     30994       2774       7202        480       1348     450759   Object Totals
         0          0         32          0          0          0   (incl. Generated)
        28          0          1          5          0          0   (incl. Padding)

    ----------------------------------------------------------------------

      Code (inc. data)   RO Data    RW Data    ZI Data      Debug   Library Member Name

        90          0          0          0          0          0   __dczerorl2.o
         8          0          0          0          0         68   __main.o
       392          4         17          0          0         92   __printf_flags_ss_wp.o
        14          0          0          0          0         68   __printf_wp.o
         0          0          0          0          0          0   __rtentry.o
        12          0          0          0          0          0   __rtentry2.o
         6          0          0          0          0          0   __rtentry4.o
        52          8          0          0          0          0   __scatter.o
        28          0          0          0          0          0   __scatter_zi.o
         6          0          0          0          0          0   _printf_c.o
        44          0          0          0          0        108   _printf_char.o
        48          6          0          0          0         96   _printf_char_common.o
        36          4          0          0          0         80   _printf_char_file.o
         6          0          0          0          0          0   _printf_d.o
       120         16          0          0          0         92   _printf_dec.o
        88          4         40          0          0         88   _printf_hex_int.o
       178          0          0          0          0         88   _printf_intcommon.o
        78          0          0          0          0        108   _printf_pad.o
         0          0          0          0          0          0   _printf_percent.o
         4          0          0          0          0          0   _printf_percent_end.o
         6          0          0          0          0          0   _printf_s.o
        82          0          0          0          0         80   _printf_str.o
         6          0          0          0          0          0   _printf_u.o
         6          0          0          0          0          0   _printf_x.o
        18          0          0          0          0         80   exit.o
         8          0          0          0          0         68   ferror.o
         6          0          0          0          0        152   heapauxi.o
         2          0          0          0          0          0   libinit.o
         2          0          0          0          0          0   libinit2.o
         2          0          0          0          0          0   libshutdown.o
         2          0          0          0          0          0   libshutdown2.o
         8          4          0          0         96         68   libspace.o
        24          4          0          0          0         84   noretval__2printf.o
         2          0          0          0          0          0   rtexit.o
        10          0          0          0          0          0   rtexit2.o
        74          0          0          0          0         80   sys_stackheap_outer.o
         2          0          0          0          0         68   use_no_semi.o
         2          0          0          0          0         68   use_no_semi_2.o
        98          4          0          0          0         92   d2f.o
       804         16          0          0          0        272   daddsub_clz.o
        90          4          0          0          0         92   dfixu.o
        38          0          0          0          0         68   dflt_clz.o
       340         12          0          0          0        104   dmul.o
       156          4          0          0          0         92   dnaninf.o
        12          0          0          0          0         68   dretinf.o
        86          4          0          0          0         84   f2d.o
       430          8          0          0          0        168   faddsub_clz.o
        54          4          0          0          0         84   ffix.o
        62          4          0          0          0         84   ffixu.o
        48          0          0          0          0         68   fflt_clz.o
       258          4          0          0          0         84   fmul.o
       140          4          0          0          0         84   fnaninf.o
        10          0          0          0          0         68   fretinf.o
         0          0          0          0          0          0   usenofp.o

    ----------------------------------------------------------------------
      4112        118         60          0        100       3148   Library Totals
        14          0          3          0          4          0   (incl. Padding)

    ----------------------------------------------------------------------

      Code (inc. data)   RO Data    RW Data    ZI Data      Debug   Library Name

      1472         50         57          0         96       1636   c_w.l
      2626         68          0          0          0       1512   fz_ws.l

    ----------------------------------------------------------------------
      4112        118         60          0        100       3148   Library Totals

    ----------------------------------------------------------------------

==============================================================================


      Code (inc. data)   RO Data    RW Data    ZI Data      Debug   

     35106       2892       7262        480       1448     443191   Grand Totals
     35106       2892       7262        156       1448     443191   ELF Image Totals (compressed)
     35106       2892       7262        156          0          0   ROM Totals

==============================================================================

    Total RO  Size (Code + RO Data)                42368 (  41.38kB)
    Total RW  Size (RW Data + ZI Data)              1928 (   1.88kB)
    Total ROM Size (Code + RO Data + RW Data)      42524 (  41.53kB)

==============================================================================

